Archive member included because of file (symbol)

c:/program files (x86)/atmel/atmel toolchain/arm gcc/native/4.8.1437/arm-gnu-toolchain/bin/../lib/gcc/arm-none-eabi/4.8.4/armv6-m\libgcc.a(_udivsi3.o)
                              src/ASF/sam0/drivers/system/clock/clock_samd10_d11/clock.o (__aeabi_uidiv)
c:/program files (x86)/atmel/atmel toolchain/arm gcc/native/4.8.1437/arm-gnu-toolchain/bin/../lib/gcc/arm-none-eabi/4.8.4/armv6-m\libgcc.a(_dvmd_tls.o)
                              c:/program files (x86)/atmel/atmel toolchain/arm gcc/native/4.8.1437/arm-gnu-toolchain/bin/../lib/gcc/arm-none-eabi/4.8.4/armv6-m\libgcc.a(_udivsi3.o) (__aeabi_idiv0)
c:/program files (x86)/atmel/atmel toolchain/arm gcc/native/4.8.1437/arm-gnu-toolchain/bin/../lib/gcc/arm-none-eabi/4.8.4/armv6-m\libgcc.a(_muldi3.o)
                              src/ASF/sam0/drivers/sercom/sercom.o (__aeabi_lmul)
c:/program files (x86)/atmel/atmel toolchain/arm gcc/native/4.8.1437/arm-gnu-toolchain/bin/../lib/gcc/arm-none-eabi/4.8.4/../../../../arm-none-eabi/lib/armv6-m\libc_s.a(lib_a-exit.o)
                              c:/program files (x86)/atmel/atmel toolchain/arm gcc/native/4.8.1437/arm-gnu-toolchain/bin/../lib/gcc/arm-none-eabi/4.8.4/../../../../arm-none-eabi/lib/armv6-m/crt0.o (exit)
c:/program files (x86)/atmel/atmel toolchain/arm gcc/native/4.8.1437/arm-gnu-toolchain/bin/../lib/gcc/arm-none-eabi/4.8.4/../../../../arm-none-eabi/lib/armv6-m\libc_s.a(lib_a-impure.o)
                              c:/program files (x86)/atmel/atmel toolchain/arm gcc/native/4.8.1437/arm-gnu-toolchain/bin/../lib/gcc/arm-none-eabi/4.8.4/../../../../arm-none-eabi/lib/armv6-m\libc_s.a(lib_a-exit.o) (_global_impure_ptr)
c:/program files (x86)/atmel/atmel toolchain/arm gcc/native/4.8.1437/arm-gnu-toolchain/bin/../lib/gcc/arm-none-eabi/4.8.4/../../../../arm-none-eabi/lib/armv6-m\libc_s.a(lib_a-init.o)
                              c:/program files (x86)/atmel/atmel toolchain/arm gcc/native/4.8.1437/arm-gnu-toolchain/bin/../lib/gcc/arm-none-eabi/4.8.4/../../../../arm-none-eabi/lib/armv6-m/crt0.o (__libc_init_array)
c:/program files (x86)/atmel/atmel toolchain/arm gcc/native/4.8.1437/arm-gnu-toolchain/bin/../lib/gcc/arm-none-eabi/4.8.4/../../../../arm-none-eabi/lib/armv6-m\libc_s.a(lib_a-memcpy-stub.o)
                              src/ASF/sam0/drivers/sercom/sercom_interrupt.o (memcpy)
c:/program files (x86)/atmel/atmel toolchain/arm gcc/native/4.8.1437/arm-gnu-toolchain/bin/../lib/gcc/arm-none-eabi/4.8.4/../../../../arm-none-eabi/lib/armv6-m\libc_s.a(lib_a-memset.o)
                              c:/program files (x86)/atmel/atmel toolchain/arm gcc/native/4.8.1437/arm-gnu-toolchain/bin/../lib/gcc/arm-none-eabi/4.8.4/../../../../arm-none-eabi/lib/armv6-m/crt0.o (memset)
c:/program files (x86)/atmel/atmel toolchain/arm gcc/native/4.8.1437/arm-gnu-toolchain/bin/../lib/gcc/arm-none-eabi/4.8.4/../../../../arm-none-eabi/lib/armv6-m\libc_s.a(lib_a-printf.o)
                              src/ASF/sam0/utils/syscalls/gcc/syscalls.o (printf)
c:/program files (x86)/atmel/atmel toolchain/arm gcc/native/4.8.1437/arm-gnu-toolchain/bin/../lib/gcc/arm-none-eabi/4.8.4/../../../../arm-none-eabi/lib/armv6-m\libc_s.a(lib_a-vfprintf.o)
                              c:/program files (x86)/atmel/atmel toolchain/arm gcc/native/4.8.1437/arm-gnu-toolchain/bin/../lib/gcc/arm-none-eabi/4.8.4/../../../../arm-none-eabi/lib/armv6-m\libc_s.a(lib_a-printf.o) (_vfprintf_r)
c:/program files (x86)/atmel/atmel toolchain/arm gcc/native/4.8.1437/arm-gnu-toolchain/bin/../lib/gcc/arm-none-eabi/4.8.4/../../../../arm-none-eabi/lib/armv6-m\libc_s.a(lib_a-vfprintf_i.o)
                              c:/program files (x86)/atmel/atmel toolchain/arm gcc/native/4.8.1437/arm-gnu-toolchain/bin/../lib/gcc/arm-none-eabi/4.8.4/../../../../arm-none-eabi/lib/armv6-m\libc_s.a(lib_a-vfprintf.o) (_printf_i)
c:/program files (x86)/atmel/atmel toolchain/arm gcc/native/4.8.1437/arm-gnu-toolchain/bin/../lib/gcc/arm-none-eabi/4.8.4/../../../../arm-none-eabi/lib/armv6-m\libc_s.a(lib_a-wbuf.o)
                              c:/program files (x86)/atmel/atmel toolchain/arm gcc/native/4.8.1437/arm-gnu-toolchain/bin/../lib/gcc/arm-none-eabi/4.8.4/../../../../arm-none-eabi/lib/armv6-m\libc_s.a(lib_a-vfprintf.o) (__swbuf_r)
c:/program files (x86)/atmel/atmel toolchain/arm gcc/native/4.8.1437/arm-gnu-toolchain/bin/../lib/gcc/arm-none-eabi/4.8.4/../../../../arm-none-eabi/lib/armv6-m\libc_s.a(lib_a-wsetup.o)
                              c:/program files (x86)/atmel/atmel toolchain/arm gcc/native/4.8.1437/arm-gnu-toolchain/bin/../lib/gcc/arm-none-eabi/4.8.4/../../../../arm-none-eabi/lib/armv6-m\libc_s.a(lib_a-vfprintf.o) (__swsetup_r)
c:/program files (x86)/atmel/atmel toolchain/arm gcc/native/4.8.1437/arm-gnu-toolchain/bin/../lib/gcc/arm-none-eabi/4.8.4/../../../../arm-none-eabi/lib/armv6-m\libc_s.a(lib_a-fflush.o)
[...]
Memory Configuration

Name             Origin             Length             Attributes
rom              0x00000000         0x00004000         xr
ram              0x20000000         0x00001000         xrw
*default*        0x00000000         0xffffffff

Linker script and memory map

LOAD c:/program files (x86)/atmel/atmel toolchain/arm gcc/native/4.8.1437/arm-gnu-toolchain/bin/../lib/gcc/arm-none-eabi/4.8.4/armv6-m/crti.o
LOAD c:/program files (x86)/atmel/atmel toolchain/arm gcc/native/4.8.1437/arm-gnu-toolchain/bin/../lib/gcc/arm-none-eabi/4.8.4/armv6-m/crtbegin.o
LOAD c:/program files (x86)/atmel/atmel toolchain/arm gcc/native/4.8.1437/arm-gnu-toolchain/bin/../lib/gcc/arm-none-eabi/4.8.4/../../../../arm-none-eabi/lib/armv6-m/crt0.o
LOAD src/ASF/sam0/drivers/port/port.o
LOAD src/ASF/sam0/drivers/sercom/sercom.o
LOAD src/Peripherals/bastian_can.o
LOAD src/Peripherals/bastian_sercom.o
LOAD src/ASF/sam0/drivers/sercom/spi/spi.o
LOAD src/ASF/sam0/drivers/sercom/spi/spi_interrupt.o
LOAD src/ASF/sam0/drivers/sercom/sercom_interrupt.o
LOAD src/ASF/sam0/drivers/tcc/tcc.o
LOAD src/ASF/sam0/drivers/tcc/tcc_callback.o
LOAD src/ASF/common/utils/interrupt/interrupt_sam_nvic.o
LOAD src/ASF/sam0/drivers/system/clock/clock_samd10_d11/clock.o
LOAD src/ASF/sam0/drivers/system/clock/clock_samd10_d11/gclk.o
LOAD src/ASF/sam0/drivers/system/interrupt/system_interrupt.o
LOAD src/ASF/sam0/drivers/system/pinmux/pinmux.o
LOAD src/ASF/sam0/drivers/system/system.o
LOAD src/ASF/sam0/utils/cmsis/samd10/source/gcc/startup_samd10.o
LOAD src/ASF/sam0/utils/cmsis/samd10/source/system_samd10.o
LOAD src/ASF/sam0/utils/syscalls/gcc/syscalls.o
LOAD src/main.o
START GROUP
LOAD ../src/ASF/thirdparty/CMSIS/Lib/GCC\libarm_cortexM0l_math.a
LOAD c:/program files (x86)/atmel/atmel toolchain/arm gcc/native/4.8.1437/arm-gnu-toolchain/bin/../lib/gcc/arm-none-eabi/4.8.4/../../../../arm-none-eabi/lib/armv6-m\libm.a
END GROUP
START GROUP
LOAD c:/program files (x86)/atmel/atmel toolchain/arm gcc/native/4.8.1437/arm-gnu-toolchain/bin/../lib/gcc/arm-none-eabi/4.8.4/armv6-m\libgcc.a
LOAD c:/program files (x86)/atmel/atmel toolchain/arm gcc/native/4.8.1437/arm-gnu-toolchain/bin/../lib/gcc/arm-none-eabi/4.8.4/../../../../arm-none-eabi/lib/armv6-m\libc_s.a
END GROUP
START GROUP
LOAD c:/program files (x86)/atmel/atmel toolchain/arm gcc/native/4.8.1437/arm-gnu-toolchain/bin/../lib/gcc/arm-none-eabi/4.8.4/armv6-m\libgcc.a
LOAD c:/program files (x86)/atmel/atmel toolchain/arm gcc/native/4.8.1437/arm-gnu-toolchain/bin/../lib/gcc/arm-none-eabi/4.8.4/../../../../arm-none-eabi/lib/armv6-m\libc_s.a
END GROUP
LOAD c:/program files (x86)/atmel/atmel toolchain/arm gcc/native/4.8.1437/arm-gnu-toolchain/bin/../lib/gcc/arm-none-eabi/4.8.4/armv6-m/crtend.o
LOAD c:/program files (x86)/atmel/atmel toolchain/arm gcc/native/4.8.1437/arm-gnu-toolchain/bin/../lib/gcc/arm-none-eabi/4.8.4/armv6-m/crtn.o
                0x00000400                STACK_SIZE = DEFINED (STACK_SIZE)?STACK_SIZE:DEFINED (__stack_size__)?__stack_size__:0x400

.text           0x00000000     0x1e4c
                0x00000000                . = ALIGN (0x4)
                0x00000000                _sfixed = .
 *(.vectors .vectors.*)
 .vectors       0x00000000       0x8c src/ASF/sam0/utils/cmsis/samd10/source/gcc/startup_samd10.o
                0x00000000                exception_table
 *(.text .text.* .gnu.linkonce.t.*)
 .text          0x0000008c       0x60 c:/program files (x86)/atmel/atmel toolchain/arm gcc/native/4.8.1437/arm-gnu-toolchain/bin/../lib/gcc/arm-none-eabi/4.8.4/armv6-m/crtbegin.o
 .text.port_pin_set_config
                0x000000ec       0x24 src/ASF/sam0/drivers/port/port.o
                0x000000ec                port_pin_set_config
 .text._sercom_get_sync_baud_val
                0x00000110       0x28 src/ASF/sam0/drivers/sercom/sercom.o
                0x00000110                _sercom_get_sync_baud_val
 .text.sercom_set_gclk_generator
                0x00000138       0x50 src/ASF/sam0/drivers/sercom/sercom.o
                0x00000138                sercom_set_gclk_generator
 .text._sercom_get_default_pad
                0x00000188       0x88 src/ASF/sam0/drivers/sercom/sercom.o
                0x00000188                _sercom_get_default_pad
 .text.spi_master_callback_received
                0x00000210        0x4 src/Peripherals/bastian_sercom.o
 .text.spi_master_callback_transceived
                0x00000214       0x28 src/Peripherals/bastian_sercom.o
 .text.spi_master_callback_transmitted
                0x0000023c       0x1c src/Peripherals/bastian_sercom.o
 .text.fcnSPIconfiguration
                0x00000258      0x178 src/Peripherals/bastian_sercom.o
                0x00000258                fcnSPIconfiguration
 .text.bastian_complete_sercom_setup
                0x000003d0        0xc src/Peripherals/bastian_sercom.o
                0x000003d0                bastian_complete_sercom_setup
 .text.spi_init
                0x000003dc      0x20c src/ASF/sam0/drivers/sercom/spi/spi.o
                0x000003dc                spi_init
 .text.spi_select_slave
                0x000005e8       0xec src/ASF/sam0/drivers/sercom/spi/spi.o
                0x000005e8                spi_select_slave
 .text.spi_write_buffer_wait
                0x000006d4      0x21c src/ASF/sam0/drivers/sercom/spi/spi.o
                0x000006d4                spi_write_buffer_wait
 .text.spi_register_callback
                0x000008f0       0x18 src/ASF/sam0/drivers/sercom/spi/spi_interrupt.o
                0x000008f0                spi_register_callback
 .text.spi_read_buffer_job
                0x00000908       0x5c src/ASF/sam0/drivers/sercom/spi/spi_interrupt.o
                0x00000908                spi_read_buffer_job
 .text.spi_transceive_buffer_job
                0x00000964       0x44 src/ASF/sam0/drivers/sercom/spi/spi_interrupt.o
                0x00000964                spi_transceive_buffer_job
 .text._spi_interrupt_handler
                0x000009a8      0x1e0 src/ASF/sam0/drivers/sercom/spi/spi_interrupt.o
                0x000009a8                _spi_interrupt_handler
 .text._sercom_default_handler
                0x00000b88        0x4 src/ASF/sam0/drivers/sercom/sercom_interrupt.o
 .text._sercom_get_sercom_inst_index
                0x00000b8c       0x2c src/ASF/sam0/drivers/sercom/sercom_interrupt.o
                0x00000b8c                _sercom_get_sercom_inst_index
 .text._sercom_set_handler
                0x00000bb8       0x34 src/ASF/sam0/drivers/sercom/sercom_interrupt.o
                0x00000bb8                _sercom_set_handler
 .text._sercom_get_interrupt_vector
                0x00000bec       0x2c src/ASF/sam0/drivers/sercom/sercom_interrupt.o
                0x00000bec                _sercom_get_interrupt_vector
 .text.SERCOM0_Handler
                0x00000c18       0x10 src/ASF/sam0/drivers/sercom/sercom_interrupt.o
                0x00000c18                SERCOM0_Handler
 .text.SERCOM1_Handler
                0x00000c28       0x10 src/ASF/sam0/drivers/sercom/sercom_interrupt.o
                0x00000c28                SERCOM1_Handler
 .text._tcc_get_inst_index
                0x00000c38        0x4 src/ASF/sam0/drivers/tcc/tcc.o
                0x00000c38                _tcc_get_inst_index
 .text.tcc_get_config_defaults
                0x00000c3c      0x13c src/ASF/sam0/drivers/tcc/tcc.o
                0x00000c3c                tcc_get_config_defaults
 .text.tcc_init
                0x00000d78      0x3f4 src/ASF/sam0/drivers/tcc/tcc.o
                0x00000d78                tcc_init
 .text.tcc_register_callback
                0x0000116c       0x18 src/ASF/sam0/drivers/tcc/tcc_callback.o
                0x0000116c                tcc_register_callback
 .text.tcc_enable_callback
                0x00001184       0x34 src/ASF/sam0/drivers/tcc/tcc_callback.o
                0x00001184                tcc_enable_callback
 .text._tcc_interrupt_handler
                0x000011b8       0x48 src/ASF/sam0/drivers/tcc/tcc_callback.o
                0x000011b8                _tcc_interrupt_handler
 .text.TCC0_Handler
                0x00001200       0x10 src/ASF/sam0/drivers/tcc/tcc_callback.o
                0x00001200                TCC0_Handler
 .text.cpu_irq_enter_critical
                0x00001210       0x3c src/ASF/common/utils/interrupt/interrupt_sam_nvic.o
                0x00001210                cpu_irq_enter_critical
 .text.cpu_irq_leave_critical
                0x0000124c       0x2c src/ASF/common/utils/interrupt/interrupt_sam_nvic.o
                0x0000124c                cpu_irq_leave_critical
 .text.system_clock_source_get_hz
                0x00001278       0x90 src/ASF/sam0/drivers/system/clock/clock_samd10_d11/clock.o
                0x00001278                system_clock_source_get_hz
 .text.system_clock_source_osc8m_set_config
                0x00001308       0x3c src/ASF/sam0/drivers/system/clock/clock_samd10_d11/clock.o
                0x00001308                system_clock_source_osc8m_set_config
 .text.system_clock_source_xosc32k_set_config
                0x00001344       0xb4 src/ASF/sam0/drivers/system/clock/clock_samd10_d11/clock.o
                0x00001344                system_clock_source_xosc32k_set_config
 .text.system_clock_source_dpll_set_config
                0x000013f8       0xa0 src/ASF/sam0/drivers/system/clock/clock_samd10_d11/clock.o
                0x000013f8                system_clock_source_dpll_set_config
 .text.system_clock_source_enable
                0x00001498       0xa0 src/ASF/sam0/drivers/system/clock/clock_samd10_d11/clock.o
                0x00001498                system_clock_source_enable
 .text.system_clock_source_disable
                0x00001538       0x7c src/ASF/sam0/drivers/system/clock/clock_samd10_d11/clock.o
                0x00001538                system_clock_source_disable
 .text.system_clock_source_is_ready
                0x000015b4       0x54 src/ASF/sam0/drivers/system/clock/clock_samd10_d11/clock.o
                0x000015b4                system_clock_source_is_ready
 .text.system_clock_init
                0x00001608      0x128 src/ASF/sam0/drivers/system/clock/clock_samd10_d11/clock.o
                0x00001608                system_clock_init
 .text.system_gclk_init
                0x00001730       0x24 src/ASF/sam0/drivers/system/clock/clock_samd10_d11/gclk.o
                0x00001730                system_gclk_init
 .text.system_gclk_gen_set_config
                0x00001754       0xb4 src/ASF/sam0/drivers/system/clock/clock_samd10_d11/gclk.o
                0x00001754                system_gclk_gen_set_config
 .text.system_gclk_gen_enable
                0x00001808       0x44 src/ASF/sam0/drivers/system/clock/clock_samd10_d11/gclk.o
                0x00001808                system_gclk_gen_enable
 .text.system_gclk_gen_get_hz
                0x0000184c       0x8c src/ASF/sam0/drivers/system/clock/clock_samd10_d11/gclk.o
                0x0000184c                system_gclk_gen_get_hz
 .text.system_gclk_chan_enable
                0x000018d8       0x30 src/ASF/sam0/drivers/system/clock/clock_samd10_d11/gclk.o
                0x000018d8                system_gclk_chan_enable
 .text.system_gclk_chan_disable
                0x00001908       0x5c src/ASF/sam0/drivers/system/clock/clock_samd10_d11/gclk.o
                0x00001908                system_gclk_chan_disable
 .text.system_gclk_chan_set_config
                0x00001964       0x1c src/ASF/sam0/drivers/system/clock/clock_samd10_d11/gclk.o
                0x00001964                system_gclk_chan_set_config
 .text.system_gclk_chan_get_hz
                0x00001980       0x34 src/ASF/sam0/drivers/system/clock/clock_samd10_d11/gclk.o
                0x00001980                system_gclk_chan_get_hz
 .text._system_pinmux_config
                0x000019b4       0x88 src/ASF/sam0/drivers/system/pinmux/pinmux.o
 .text.system_pinmux_pin_set_config
                0x00001a3c       0x2c src/ASF/sam0/drivers/system/pinmux/pinmux.o
                0x00001a3c                system_pinmux_pin_set_config
 .text._system_dummy_init
                0x00001a68        0x4 src/ASF/sam0/drivers/system/system.o
                0x00001a68                system_board_init
                0x00001a68                _system_events_init
                0x00001a68                _system_dummy_init
                0x00001a68                _system_extint_init
 .text.system_init
                0x00001a6c       0x24 src/ASF/sam0/drivers/system/system.o
                0x00001a6c                system_init
 .text.Dummy_Handler
                0x00001a90        0x4 src/ASF/sam0/utils/cmsis/samd10/source/gcc/startup_samd10.o
                0x00001a90                DMAC_Handler
                0x00001a90                HardFault_Handler
                0x00001a90                TC2_Handler
                0x00001a90                AC_Handler
                0x00001a90                SysTick_Handler
                0x00001a90                PendSV_Handler
                0x00001a90                NMI_Handler
                0x00001a90                ADC_Handler
                0x00001a90                SERCOM2_Handler
                0x00001a90                RTC_Handler
                0x00001a90                EIC_Handler
                0x00001a90                WDT_Handler
                0x00001a90                TC1_Handler
                0x00001a90                USB_Handler
                0x00001a90                Dummy_Handler
                0x00001a90                PM_Handler
                0x00001a90                SVC_Handler
                0x00001a90                EVSYS_Handler
                0x00001a90                NVMCTRL_Handler
                0x00001a90                DAC_Handler
                0x00001a90                PTC_Handler
                0x00001a90                SYSCTRL_Handler
 .text.Reset_Handler
                0x00001a94       0x90 src/ASF/sam0/utils/cmsis/samd10/source/gcc/startup_samd10.o
                0x00001a94                Reset_Handler
 .text.tcc_callback_function
                0x00001b24       0x28 src/main.o
 .text.main     0x00001b4c      0x114 src/main.o
                0x00001b4c                main
 .text          0x00001c60       0x9c c:/program files (x86)/atmel/atmel toolchain/arm gcc/native/4.8.1437/arm-gnu-toolchain/bin/../lib/gcc/arm-none-eabi/4.8.4/armv6-m\libgcc.a(_udivsi3.o)
                0x00001c60                __aeabi_uidiv
                0x00001c60                __udivsi3
                0x00001ce8                __aeabi_uidivmod
 .text          0x00001cfc        0x4 c:/program files (x86)/atmel/atmel toolchain/arm gcc/native/4.8.1437/arm-gnu-toolchain/bin/../lib/gcc/arm-none-eabi/4.8.4/armv6-m\libgcc.a(_dvmd_tls.o)
                0x00001cfc                __aeabi_idiv0
                0x00001cfc                __aeabi_ldiv0
 .text.__libc_init_array
                0x00001d00       0x4c c:/program files (x86)/atmel/atmel toolchain/arm gcc/native/4.8.1437/arm-gnu-toolchain/bin/../lib/gcc/arm-none-eabi/4.8.4/../../../../arm-none-eabi/lib/armv6-m\libc_s.a(lib_a-init.o)
                0x00001d00                __libc_init_array
 .text.memcpy   0x00001d4c       0x12 c:/program files (x86)/atmel/atmel toolchain/arm gcc/native/4.8.1437/arm-gnu-toolchain/bin/../lib/gcc/arm-none-eabi/4.8.4/../../../../arm-none-eabi/lib/armv6-m\libc_s.a(lib_a-memcpy-stub.o)
                0x00001d4c                memcpy
 *(.glue_7t)
 .glue_7t       0x00000000        0x0 linker stubs
 *(.glue_7)
 .glue_7        0x00000000        0x0 linker stubs
 *(.rodata .rodata* .gnu.linkonce.r.*)
 *fill*         0x00001d5e        0x2 
 .rodata        0x00001d60        0xc src/ASF/sam0/drivers/sercom/sercom_interrupt.o
 .rodata        0x00001d6c       0x30 src/ASF/sam0/drivers/tcc/tcc_callback.o
                0x00001d6c                _tcc_intflag
 .rodata        0x00001d9c       0x90 src/ASF/sam0/drivers/system/clock/clock_samd10_d11/clock.o
 *(.ARM.extab* .gnu.linkonce.armextab.*)
                0x00001e2c                . = ALIGN (0x4)
 *(.init)
 .init          0x00001e2c        0x4 c:/program files (x86)/atmel/atmel toolchain/arm gcc/native/4.8.1437/arm-gnu-toolchain/bin/../lib/gcc/arm-none-eabi/4.8.4/armv6-m/crti.o
                0x00001e2c                _init
 .init          0x00001e30        0x8 c:/program files (x86)/atmel/atmel toolchain/arm gcc/native/4.8.1437/arm-gnu-toolchain/bin/../lib/gcc/arm-none-eabi/4.8.4/armv6-m/crtn.o
                0x00001e38                . = ALIGN (0x4)
                0x00001e38                __preinit_array_start = .
 *(.preinit_array)
                0x00001e38                __preinit_array_end = .
                0x00001e38                . = ALIGN (0x4)
                0x00001e38                __init_array_start = .
 *(SORT(.init_array.*))
 *(.init_array)
 .init_array    0x00001e38        0x4 c:/program files (x86)/atmel/atmel toolchain/arm gcc/native/4.8.1437/arm-gnu-toolchain/bin/../lib/gcc/arm-none-eabi/4.8.4/armv6-m/crtbegin.o
                0x00001e3c                __init_array_end = .
                0x00001e3c                . = ALIGN (0x4)
 *crtbegin.o(.ctors)
 *(EXCLUDE_FILE(*crtend.o) .ctors)
 *(SORT(.ctors.*))
 *crtend.o(.ctors)
                0x00001e3c                . = ALIGN (0x4)
 *(.fini)
 .fini          0x00001e3c        0x4 c:/program files (x86)/atmel/atmel toolchain/arm gcc/native/4.8.1437/arm-gnu-toolchain/bin/../lib/gcc/arm-none-eabi/4.8.4/armv6-m/crti.o
                0x00001e3c                _fini
 .fini          0x00001e40        0x8 c:/program files (x86)/atmel/atmel toolchain/arm gcc/native/4.8.1437/arm-gnu-toolchain/bin/../lib/gcc/arm-none-eabi/4.8.4/armv6-m/crtn.o
                0x00001e48                . = ALIGN (0x4)
                0x00001e48                __fini_array_start = .
 *(.fini_array)
 .fini_array    0x00001e48        0x4 c:/program files (x86)/atmel/atmel toolchain/arm gcc/native/4.8.1437/arm-gnu-toolchain/bin/../lib/gcc/arm-none-eabi/4.8.4/armv6-m/crtbegin.o
 *(SORT(.fini_array.*))
                0x00001e4c                __fini_array_end = .
 *crtbegin.o(.dtors)
 *(EXCLUDE_FILE(*crtend.o) .dtors)
 *(SORT(.dtors.*))
 *crtend.o(.dtors)
                0x00001e4c                . = ALIGN (0x4)
                0x00001e4c                _efixed = .
                0x00001e4c                PROVIDE (__exidx_start, .)

.vfp11_veneer   0x00001e4c        0x0
 .vfp11_veneer  0x00000000        0x0 linker stubs

.v4_bx          0x00001e4c        0x0
 .v4_bx         0x00000000        0x0 linker stubs

.iplt           0x00001e4c        0x0
 .iplt          0x00000000        0x0 c:/program files (x86)/atmel/atmel toolchain/arm gcc/native/4.8.1437/arm-gnu-toolchain/bin/../lib/gcc/arm-none-eabi/4.8.4/armv6-m/crtbegin.o

.eh_frame       0x00001e4c        0x0
 .eh_frame      0x00001e4c        0x0 c:/program files (x86)/atmel/atmel toolchain/arm gcc/native/4.8.1437/arm-gnu-toolchain/bin/../lib/gcc/arm-none-eabi/4.8.4/armv6-m/crtbegin.o

.rel.dyn        0x00001e4c        0x0
 .rel.iplt      0x00000000        0x0 c:/program files (x86)/atmel/atmel toolchain/arm gcc/native/4.8.1437/arm-gnu-toolchain/bin/../lib/gcc/arm-none-eabi/4.8.4/armv6-m/crtbegin.o

.jcr            0x00001e4c        0x0
 .jcr           0x00001e4c        0x0 c:/program files (x86)/atmel/atmel toolchain/arm gcc/native/4.8.1437/arm-gnu-toolchain/bin/../lib/gcc/arm-none-eabi/4.8.4/armv6-m/crtbegin.o

.igot.plt       0x00001e4c        0x0
 .igot.plt      0x00000000        0x0 c:/program files (x86)/atmel/atmel toolchain/arm gcc/native/4.8.1437/arm-gnu-toolchain/bin/../lib/gcc/arm-none-eabi/4.8.4/armv6-m/crtbegin.o

.ARM.exidx
 *(.ARM.exidx* .gnu.linkonce.armexidx.*)
                0x00001e4c                PROVIDE (__exidx_end, .)
                0x00001e4c                . = ALIGN (0x4)
                0x00001e4c                _etext = .

.relocate       0x20000000       0x14 load address 0x00001e4c
                0x20000000                . = ALIGN (0x4)
                0x20000000                _srelocate = .
 *(.ramfunc .ramfunc.*)
 *(.data .data.*)
 .data          0x20000000        0x1 src/ASF/common/utils/interrupt/interrupt_sam_nvic.o
                0x20000000                g_interrupt_enabled
 *fill*         0x20000001        0x3 
 .data          0x20000004       0x10 src/main.o
                0x20000004                wr_can_buffer_startup
                0x2000000c                wr_can_buffer
                0x20000010                wr_buffer
                0x20000013                system_mode
                0x20000014                . = ALIGN (0x4)
                0x20000014                _erelocate = .

.bss            0x20000014      0x104 load address 0x00001e60
                0x20000014                . = ALIGN (0x4)
                0x20000014                _sbss = .
                0x20000014                _szero = .
 *(.bss .bss.*)
 .bss           0x20000014       0x1c c:/program files (x86)/atmel/atmel toolchain/arm gcc/native/4.8.1437/arm-gnu-toolchain/bin/../lib/gcc/arm-none-eabi/4.8.4/armv6-m/crtbegin.o
 .bss           0x20000030        0x8 src/ASF/sam0/drivers/sercom/sercom.o
 .bss           0x20000038       0x14 src/ASF/sam0/drivers/sercom/sercom_interrupt.o
 .bss           0x2000004c        0x8 src/ASF/common/utils/interrupt/interrupt_sam_nvic.o
 .bss           0x20000054       0x20 src/ASF/sam0/drivers/system/clock/clock_samd10_d11/clock.o
 .bss           0x20000074       0x10 src/main.o
                0x20000074                inProgress
                0x20000075                intProgressTimer
                0x20000078                rd_buffer
                0x2000007b                isInTransaction
                0x2000007c                probe_buff
 *(COMMON)
 COMMON         0x20000084       0x43 src/Peripherals/bastian_sercom.o
                0x20000084                spi_master
                0x200000c0                spi_shield
                0x200000c4                spi_CAN_controller
 *fill*         0x200000c7        0x1 
 COMMON         0x200000c8        0x2 src/ASF/sam0/drivers/sercom/spi/spi_interrupt.o
                0x200000c8                dummy_write
 *fill*         0x200000ca        0x2 
 COMMON         0x200000cc        0x8 src/ASF/sam0/drivers/sercom/sercom_interrupt.o
                0x200000cc                _sercom_instances
 COMMON         0x200000d4        0x4 src/ASF/sam0/drivers/tcc/tcc_callback.o
                0x200000d4                _tcc_instances
 COMMON         0x200000d8       0x40 src/main.o
                0x200000d8                tcc_instance
                0x20000118                . = ALIGN (0x4)
                0x20000118                _ebss = .
                0x20000118                _ezero = .

.stack          0x20000118      0x400 load address 0x00001f64
                0x20000118                . = ALIGN (0x8)
                0x20000118                _sstack = .
                0x20000518                . = (. + STACK_SIZE)
 *fill*         0x20000118      0x400 
                0x20000518                . = ALIGN (0x8)
                0x20000518                _estack = .
                0x20000518                . = ALIGN (0x4)
                0x20000518                _end = .
OUTPUT(ZPAC_Green_SPI.elf elf32-littlearm)

.ARM.attributes
                0x00000000       0x28
 .ARM.attributes
                0x00000000       0x1e c:/program files (x86)/atmel/atmel toolchain/arm gcc/native/4.8.1437/arm-gnu-toolchain/bin/../lib/gcc/arm-none-eabi/4.8.4/armv6-m/crti.o
 .ARM.attributes
                0x0000001e       0x2c c:/program files (x86)/atmel/atmel toolchain/arm gcc/native/4.8.1437/arm-gnu-toolchain/bin/../lib/gcc/arm-none-eabi/4.8.4/armv6-m/crtbegin.o
 .ARM.attributes
                0x0000004a       0x32 src/ASF/sam0/drivers/port/port.o
 .ARM.attributes
                0x0000007c       0x32 src/ASF/sam0/drivers/sercom/sercom.o
 .ARM.attributes
                0x000000ae       0x32 src/Peripherals/bastian_sercom.o
 .ARM.attributes
                0x000000e0       0x32 src/ASF/sam0/drivers/sercom/spi/spi.o
 .ARM.attributes
                0x00000112       0x32 src/ASF/sam0/drivers/sercom/spi/spi_interrupt.o
 .ARM.attributes
                0x00000144       0x32 src/ASF/sam0/drivers/sercom/sercom_interrupt.o
 .ARM.attributes
                0x00000176       0x32 src/ASF/sam0/drivers/tcc/tcc.o
 .ARM.attributes
                0x000001a8       0x32 src/ASF/sam0/drivers/tcc/tcc_callback.o
 .ARM.attributes
                0x000001da       0x32 src/ASF/common/utils/interrupt/interrupt_sam_nvic.o
 .ARM.attributes
                0x0000020c       0x32 src/ASF/sam0/drivers/system/clock/clock_samd10_d11/clock.o
 .ARM.attributes
                0x0000023e       0x32 src/ASF/sam0/drivers/system/clock/clock_samd10_d11/gclk.o
 .ARM.attributes
                0x00000270       0x32 src/ASF/sam0/drivers/system/pinmux/pinmux.o
 .ARM.attributes
                0x000002a2       0x32 src/ASF/sam0/drivers/system/system.o
 .ARM.attributes
                0x000002d4       0x32 src/ASF/sam0/utils/cmsis/samd10/source/gcc/startup_samd10.o
 .ARM.attributes
                0x00000306       0x32 src/main.o
 .ARM.attributes
                0x00000338       0x1e c:/program files (x86)/atmel/atmel toolchain/arm gcc/native/4.8.1437/arm-gnu-toolchain/bin/../lib/gcc/arm-none-eabi/4.8.4/armv6-m\libgcc.a(_udivsi3.o)
 .ARM.attributes
                0x00000356       0x1e c:/program files (x86)/atmel/atmel toolchain/arm gcc/native/4.8.1437/arm-gnu-toolchain/bin/../lib/gcc/arm-none-eabi/4.8.4/armv6-m\libgcc.a(_dvmd_tls.o)
 .ARM.attributes
                0x00000374       0x2c c:/program files (x86)/atmel/atmel toolchain/arm gcc/native/4.8.1437/arm-gnu-toolchain/bin/../lib/gcc/arm-none-eabi/4.8.4/../../../../arm-none-eabi/lib/armv6-m\libc_s.a(lib_a-init.o)
 .ARM.attributes
                0x000003a0       0x2c c:/program files (x86)/atmel/atmel toolchain/arm gcc/native/4.8.1437/arm-gnu-toolchain/bin/../lib/gcc/arm-none-eabi/4.8.4/../../../../arm-none-eabi/lib/armv6-m\libc_s.a(lib_a-memcpy-stub.o)
 .ARM.attributes
                0x000003cc       0x1e c:/program files (x86)/atmel/atmel toolchain/arm gcc/native/4.8.1437/arm-gnu-toolchain/bin/../lib/gcc/arm-none-eabi/4.8.4/armv6-m/crtn.o

.comment        0x00000000       0x5b
 .comment       0x00000000       0x5b src/ASF/sam0/drivers/port/port.o
                                 0x5c (size before relaxing)
 .comment       0x00000000       0x5c src/ASF/sam0/drivers/sercom/sercom.o
 .comment       0x00000000       0x5c src/Peripherals/bastian_sercom.o
 .comment       0x00000000       0x5c src/ASF/sam0/drivers/sercom/spi/spi.o
 .comment       0x00000000       0x5c src/ASF/sam0/drivers/sercom/spi/spi_interrupt.o
 .comment       0x00000000       0x5c src/ASF/sam0/drivers/sercom/sercom_interrupt.o
 .comment       0x00000000       0x5c src/ASF/sam0/drivers/tcc/tcc.o
 .comment       0x00000000       0x5c src/ASF/sam0/drivers/tcc/tcc_callback.o
 .comment       0x00000000       0x5c src/ASF/common/utils/interrupt/interrupt_sam_nvic.o
 .comment       0x00000000       0x5c src/ASF/sam0/drivers/system/clock/clock_samd10_d11/clock.o
 .comment       0x00000000       0x5c src/ASF/sam0/drivers/system/clock/clock_samd10_d11/gclk.o
 .comment       0x00000000       0x5c src/ASF/sam0/drivers/system/pinmux/pinmux.o
 .comment       0x00000000       0x5c src/ASF/sam0/drivers/system/system.o
 .comment       0x00000000       0x5c src/ASF/sam0/utils/cmsis/samd10/source/gcc/startup_samd10.o
 .comment       0x00000000       0x5c src/main.o

.debug_info     0x00000000    0x21797
 .debug_info    0x00000000      0x95e src/ASF/sam0/drivers/port/port.o
 .debug_info    0x0000095e     0x2492 src/ASF/sam0/drivers/sercom/sercom.o
 .debug_info    0x00002df0     0x35f9 src/Peripherals/bastian_sercom.o
 .debug_info    0x000063e9     0x5f71 src/ASF/sam0/drivers/sercom/spi/spi.o
 .debug_info    0x0000c35a     0x28ec src/ASF/sam0/drivers/sercom/spi/spi_interrupt.o
 .debug_info    0x0000ec46     0x2298 src/ASF/sam0/drivers/sercom/sercom_interrupt.o
 .debug_info    0x00010ede     0x41e0 src/ASF/sam0/drivers/tcc/tcc.o
 .debug_info    0x000150be     0x26d9 src/ASF/sam0/drivers/tcc/tcc_callback.o
 .debug_info    0x00017797      0x1ec src/ASF/common/utils/interrupt/interrupt_sam_nvic.o
 .debug_info    0x00017983     0x2d6f src/ASF/sam0/drivers/system/clock/clock_samd10_d11/clock.o
 .debug_info    0x0001a6f2     0x14e0 src/ASF/sam0/drivers/system/clock/clock_samd10_d11/gclk.o
 .debug_info    0x0001bbd2      0xa42 src/ASF/sam0/drivers/system/pinmux/pinmux.o
 .debug_info    0x0001c614      0x16f src/ASF/sam0/drivers/system/system.o
 .debug_info    0x0001c783      0x429 src/ASF/sam0/utils/cmsis/samd10/source/gcc/startup_samd10.o
 .debug_info    0x0001cbac     0x4beb src/main.o

.debug_abbrev   0x00000000     0x28b5
 .debug_abbrev  0x00000000      0x1e9 src/ASF/sam0/drivers/port/port.o
 .debug_abbrev  0x000001e9      0x2c3 src/ASF/sam0/drivers/sercom/sercom.o
 .debug_abbrev  0x000004ac      0x3a6 src/Peripherals/bastian_sercom.o
 .debug_abbrev  0x00000852      0x44f src/ASF/sam0/drivers/sercom/spi/spi.o
 .debug_abbrev  0x00000ca1      0x358 src/ASF/sam0/drivers/sercom/spi/spi_interrupt.o
 .debug_abbrev  0x00000ff9      0x241 src/ASF/sam0/drivers/sercom/sercom_interrupt.o
 .debug_abbrev  0x0000123a      0x423 src/ASF/sam0/drivers/tcc/tcc.o
 .debug_abbrev  0x0000165d      0x2cb src/ASF/sam0/drivers/tcc/tcc_callback.o
 .debug_abbrev  0x00001928       0xf6 src/ASF/common/utils/interrupt/interrupt_sam_nvic.o
 .debug_abbrev  0x00001a1e      0x3ed src/ASF/sam0/drivers/system/clock/clock_samd10_d11/clock.o
 .debug_abbrev  0x00001e0b      0x343 src/ASF/sam0/drivers/system/clock/clock_samd10_d11/gclk.o
 .debug_abbrev  0x0000214e      0x289 src/ASF/sam0/drivers/system/pinmux/pinmux.o
 .debug_abbrev  0x000023d7       0xb9 src/ASF/sam0/drivers/system/system.o
 .debug_abbrev  0x00002490      0x12e src/ASF/sam0/utils/cmsis/samd10/source/gcc/startup_samd10.o
 .debug_abbrev  0x000025be      0x2f7 src/main.o

.debug_loc      0x00000000     0x6e2a
 .debug_loc     0x00000000      0x16d src/ASF/sam0/drivers/port/port.o
 .debug_loc     0x0000016d      0x6f2 src/ASF/sam0/drivers/sercom/sercom.o
 .debug_loc     0x0000085f      0x36a src/Peripherals/bastian_sercom.o
 .debug_loc     0x00000bc9     0x2bbe src/ASF/sam0/drivers/sercom/spi/spi.o
 .debug_loc     0x00003787      0x5d0 src/ASF/sam0/drivers/sercom/spi/spi_interrupt.o
 .debug_loc     0x00003d57      0x1a4 src/ASF/sam0/drivers/sercom/sercom_interrupt.o
 .debug_loc     0x00003efb     0x1423 src/ASF/sam0/drivers/tcc/tcc.o
 .debug_loc     0x0000531e      0x226 src/ASF/sam0/drivers/tcc/tcc_callback.o
 .debug_loc     0x00005544       0x1e src/ASF/common/utils/interrupt/interrupt_sam_nvic.o
 .debug_loc     0x00005562     0x1018 src/ASF/sam0/drivers/system/clock/clock_samd10_d11/clock.o
 .debug_loc     0x0000657a      0x508 src/ASF/sam0/drivers/system/clock/clock_samd10_d11/gclk.o
 .debug_loc     0x00006a82      0x2cc src/ASF/sam0/drivers/system/pinmux/pinmux.o
 .debug_loc     0x00006d4e       0x20 src/ASF/sam0/drivers/system/system.o
 .debug_loc     0x00006d6e       0x7c src/ASF/sam0/utils/cmsis/samd10/source/gcc/startup_samd10.o
 .debug_loc     0x00006dea       0x40 src/main.o

.debug_aranges  0x00000000      0x460
 .debug_aranges
                0x00000000       0x28 src/ASF/sam0/drivers/port/port.o
 .debug_aranges
                0x00000028       0x38 src/ASF/sam0/drivers/sercom/sercom.o
 .debug_aranges
                0x00000060       0x40 src/Peripherals/bastian_sercom.o
 .debug_aranges
                0x000000a0       0x58 src/ASF/sam0/drivers/sercom/spi/spi.o
 .debug_aranges
                0x000000f8       0x50 src/ASF/sam0/drivers/sercom/spi/spi_interrupt.o
 .debug_aranges
                0x00000148       0x48 src/ASF/sam0/drivers/sercom/sercom_interrupt.o
 .debug_aranges
                0x00000190       0xb0 src/ASF/sam0/drivers/tcc/tcc.o
 .debug_aranges
                0x00000240       0x48 src/ASF/sam0/drivers/tcc/tcc_callback.o
 .debug_aranges
                0x00000288       0x28 src/ASF/common/utils/interrupt/interrupt_sam_nvic.o
 .debug_aranges
                0x000002b0       0x78 src/ASF/sam0/drivers/system/clock/clock_samd10_d11/clock.o
 .debug_aranges
                0x00000328       0x80 src/ASF/sam0/drivers/system/clock/clock_samd10_d11/gclk.o
 .debug_aranges
                0x000003a8       0x38 src/ASF/sam0/drivers/system/pinmux/pinmux.o
 .debug_aranges
                0x000003e0       0x28 src/ASF/sam0/drivers/system/system.o
 .debug_aranges
                0x00000408       0x28 src/ASF/sam0/utils/cmsis/samd10/source/gcc/startup_samd10.o
 .debug_aranges
                0x00000430       0x30 src/main.o

.debug_ranges   0x00000000      0x860
 .debug_ranges  0x00000000       0x18 src/ASF/sam0/drivers/port/port.o
 .debug_ranges  0x00000018       0x40 src/ASF/sam0/drivers/sercom/sercom.o
 .debug_ranges  0x00000058       0x30 src/Peripherals/bastian_sercom.o
 .debug_ranges  0x00000088      0x450 src/ASF/sam0/drivers/sercom/spi/spi.o
 .debug_ranges  0x000004d8       0x70 src/ASF/sam0/drivers/sercom/spi/spi_interrupt.o
 .debug_ranges  0x00000548       0x50 src/ASF/sam0/drivers/sercom/sercom_interrupt.o
 .debug_ranges  0x00000598      0x128 src/ASF/sam0/drivers/tcc/tcc.o
 .debug_ranges  0x000006c0       0x38 src/ASF/sam0/drivers/tcc/tcc_callback.o
 .debug_ranges  0x000006f8       0x18 src/ASF/common/utils/interrupt/interrupt_sam_nvic.o
 .debug_ranges  0x00000710       0x68 src/ASF/sam0/drivers/system/clock/clock_samd10_d11/clock.o
 .debug_ranges  0x00000778       0x70 src/ASF/sam0/drivers/system/clock/clock_samd10_d11/gclk.o
 .debug_ranges  0x000007e8       0x28 src/ASF/sam0/drivers/system/pinmux/pinmux.o
 .debug_ranges  0x00000810       0x18 src/ASF/sam0/drivers/system/system.o
 .debug_ranges  0x00000828       0x18 src/ASF/sam0/utils/cmsis/samd10/source/gcc/startup_samd10.o
 .debug_ranges  0x00000840       0x20 src/main.o

.debug_macro    0x00000000    0x1313f
 .debug_macro   0x00000000      0x404 src/ASF/sam0/drivers/port/port.o
 .debug_macro   0x00000404      0x82c src/ASF/sam0/drivers/port/port.o
 .debug_macro   0x00000c30      0x166 src/ASF/sam0/drivers/port/port.o
 .debug_macro   0x00000d96      0x4ae src/ASF/sam0/drivers/port/port.o
 .debug_macro   0x00001244       0x16 src/ASF/sam0/drivers/port/port.o
 .debug_macro   0x0000125a       0x44 src/ASF/sam0/drivers/port/port.o
 .debug_macro   0x0000129e      0x209 src/ASF/sam0/drivers/port/port.o
 .debug_macro   0x000014a7       0x10 src/ASF/sam0/drivers/port/port.o
 .debug_macro   0x000014b7       0x76 src/ASF/sam0/drivers/port/port.o
 .debug_macro   0x0000152d       0x16 src/ASF/sam0/drivers/port/port.o
 .debug_macro   0x00001543      0x6e2 src/ASF/sam0/drivers/port/port.o
 .debug_macro   0x00001c25      0xddf src/ASF/sam0/drivers/port/port.o
 .debug_macro   0x00002a04       0x22 src/ASF/sam0/drivers/port/port.o
 .debug_macro   0x00002a26       0x40 src/ASF/sam0/drivers/port/port.o
 .debug_macro   0x00002a66       0x3a src/ASF/sam0/drivers/port/port.o
 .debug_macro   0x00002aa0       0x1f src/ASF/sam0/drivers/port/port.o
 .debug_macro   0x00002abf      0x250 src/ASF/sam0/drivers/port/port.o
 .debug_macro   0x00002d0f      0x676 src/ASF/sam0/drivers/port/port.o
 .debug_macro   0x00003385      0x8bf src/ASF/sam0/drivers/port/port.o
 .debug_macro   0x00003c44      0x235 src/ASF/sam0/drivers/port/port.o
 .debug_macro   0x00003e79      0xbdb src/ASF/sam0/drivers/port/port.o
 .debug_macro   0x00004a54      0x5b8 src/ASF/sam0/drivers/port/port.o
 .debug_macro   0x0000500c      0x7c8 src/ASF/sam0/drivers/port/port.o
 .debug_macro   0x000057d4      0x4e3 src/ASF/sam0/drivers/port/port.o
 .debug_macro   0x00005cb7      0x3a9 src/ASF/sam0/drivers/port/port.o
 .debug_macro   0x00006060      0x197 src/ASF/sam0/drivers/port/port.o
 .debug_macro   0x000061f7      0x225 src/ASF/sam0/drivers/port/port.o
 .debug_macro   0x0000641c      0x797 src/ASF/sam0/drivers/port/port.o
 .debug_macro   0x00006bb3       0x5e src/ASF/sam0/drivers/port/port.o
 .debug_macro   0x00006c11      0x62c src/ASF/sam0/drivers/port/port.o
 .debug_macro   0x0000723d      0x3b6 src/ASF/sam0/drivers/port/port.o
 .debug_macro   0x000075f3      0xc55 src/ASF/sam0/drivers/port/port.o
 .debug_macro   0x00008248     0x1092 src/ASF/sam0/drivers/port/port.o
 .debug_macro   0x000092da      0xc19 src/ASF/sam0/drivers/port/port.o
 .debug_macro   0x00009ef3      0x6bf src/ASF/sam0/drivers/port/port.o
 .debug_macro   0x0000a5b2     0x1b91 src/ASF/sam0/drivers/port/port.o
 .debug_macro   0x0000c143      0x34e src/ASF/sam0/drivers/port/port.o
 .debug_macro   0x0000c491       0x7c src/ASF/sam0/drivers/port/port.o
 .debug_macro   0x0000c50d       0xa0 src/ASF/sam0/drivers/port/port.o
 .debug_macro   0x0000c5ad       0x4c src/ASF/sam0/drivers/port/port.o
 .debug_macro   0x0000c5f9       0xca src/ASF/sam0/drivers/port/port.o
 .debug_macro   0x0000c6c3       0xb8 src/ASF/sam0/drivers/port/port.o
 .debug_macro   0x0000c77b       0x58 src/ASF/sam0/drivers/port/port.o
 .debug_macro   0x0000c7d3      0x222 src/ASF/sam0/drivers/port/port.o
 .debug_macro   0x0000c9f5       0x82 src/ASF/sam0/drivers/port/port.o
 .debug_macro   0x0000ca77      0x197 src/ASF/sam0/drivers/port/port.o
 .debug_macro   0x0000cc0e       0xa0 src/ASF/sam0/drivers/port/port.o
 .debug_macro   0x0000ccae       0xc4 src/ASF/sam0/drivers/port/port.o
 .debug_macro   0x0000cd72       0x1c src/ASF/sam0/drivers/port/port.o
 .debug_macro   0x0000cd8e       0x1c src/ASF/sam0/drivers/port/port.o
 .debug_macro   0x0000cdaa       0x1c src/ASF/sam0/drivers/port/port.o
 .debug_macro   0x0000cdc6       0x82 src/ASF/sam0/drivers/port/port.o
 .debug_macro   0x0000ce48      0x112 src/ASF/sam0/drivers/port/port.o
 .debug_macro   0x0000cf5a       0xdc src/ASF/sam0/drivers/port/port.o
 .debug_macro   0x0000d036      0x12f src/ASF/sam0/drivers/port/port.o
 .debug_macro   0x0000d165      0x12f src/ASF/sam0/drivers/port/port.o
 .debug_macro   0x0000d294      0x11e src/ASF/sam0/drivers/port/port.o
 .debug_macro   0x0000d3b2       0xe2 src/ASF/sam0/drivers/port/port.o
 .debug_macro   0x0000d494       0xe2 src/ASF/sam0/drivers/port/port.o
 .debug_macro   0x0000d576      0x12c src/ASF/sam0/drivers/port/port.o
 .debug_macro   0x0000d6a2       0x40 src/ASF/sam0/drivers/port/port.o
 .debug_macro   0x0000d6e2      0x2c7 src/ASF/sam0/drivers/port/port.o
 .debug_macro   0x0000d9a9      0x7b8 src/ASF/sam0/drivers/port/port.o
 .debug_macro   0x0000e161       0x43 src/ASF/sam0/drivers/port/port.o
 .debug_macro   0x0000e1a4       0x58 src/ASF/sam0/drivers/port/port.o
 .debug_macro   0x0000e1fc       0x35 src/ASF/sam0/drivers/port/port.o
 .debug_macro   0x0000e231       0xa3 src/ASF/sam0/drivers/port/port.o
 .debug_macro   0x0000e2d4       0x16 src/ASF/sam0/drivers/port/port.o
 .debug_macro   0x0000e2ea       0x35 src/ASF/sam0/drivers/port/port.o
 .debug_macro   0x0000e31f       0x10 src/ASF/sam0/drivers/port/port.o
 .debug_macro   0x0000e32f       0x52 src/ASF/sam0/drivers/port/port.o
 .debug_macro   0x0000e381       0x16 src/ASF/sam0/drivers/port/port.o
 .debug_macro   0x0000e397       0x43 src/ASF/sam0/drivers/port/port.o
 .debug_macro   0x0000e3da      0x180 src/ASF/sam0/drivers/port/port.o
 .debug_macro   0x0000e55a       0x10 src/ASF/sam0/drivers/port/port.o
 .debug_macro   0x0000e56a       0x22 src/ASF/sam0/drivers/port/port.o
 .debug_macro   0x0000e58c       0xbd src/ASF/sam0/drivers/port/port.o
 .debug_macro   0x0000e649       0x16 src/ASF/sam0/drivers/port/port.o
 .debug_macro   0x0000e65f      0x16c src/ASF/sam0/drivers/port/port.o
 .debug_macro   0x0000e7cb       0x16 src/ASF/sam0/drivers/port/port.o
 .debug_macro   0x0000e7e1       0x16 src/ASF/sam0/drivers/port/port.o
 .debug_macro   0x0000e7f7       0x29 src/ASF/sam0/drivers/port/port.o
 .debug_macro   0x0000e820       0x51 src/ASF/sam0/drivers/port/port.o
 .debug_macro   0x0000e871       0x3f src/ASF/sam0/drivers/port/port.o
 .debug_macro   0x0000e8b0      0x3df src/ASF/sam0/drivers/port/port.o
 .debug_macro   0x0000ec8f       0x11 src/ASF/sam0/drivers/port/port.o
 .debug_macro   0x0000eca0      0x46f src/ASF/sam0/drivers/sercom/sercom.o
 .debug_macro   0x0000f10f       0x2e src/ASF/sam0/drivers/sercom/sercom.o
 .debug_macro   0x0000f13d       0x52 src/ASF/sam0/drivers/sercom/sercom.o
 .debug_macro   0x0000f18f       0x10 src/ASF/sam0/drivers/sercom/sercom.o
 .debug_macro   0x0000f19f      0x503 src/Peripherals/bastian_sercom.o
 .debug_macro   0x0000f6a2      0x2a6 src/Peripherals/bastian_sercom.o
 .debug_macro   0x0000f948       0x10 src/Peripherals/bastian_sercom.o
 .debug_macro   0x0000f958       0x1f src/Peripherals/bastian_sercom.o
 .debug_macro   0x0000f977       0x1c src/Peripherals/bastian_sercom.o
 .debug_macro   0x0000f993       0x35 src/Peripherals/bastian_sercom.o
 .debug_macro   0x0000f9c8       0x8f src/Peripherals/bastian_sercom.o
 .debug_macro   0x0000fa57       0x7c src/Peripherals/bastian_sercom.o
 .debug_macro   0x0000fad3      0x4bf src/ASF/sam0/drivers/sercom/spi/spi.o
 .debug_macro   0x0000ff92      0x4c9 src/ASF/sam0/drivers/sercom/spi/spi_interrupt.o
 .debug_macro   0x0001045b      0x46c src/ASF/sam0/drivers/sercom/sercom_interrupt.o
 .debug_macro   0x000108c7       0x4c src/ASF/sam0/drivers/sercom/sercom_interrupt.o
 .debug_macro   0x00010913      0x52e src/ASF/sam0/drivers/tcc/tcc.o
 .debug_macro   0x00010e41       0x19 src/ASF/sam0/drivers/tcc/tcc.o
 .debug_macro   0x00010e5a       0x74 src/ASF/sam0/drivers/tcc/tcc.o
 .debug_macro   0x00010ece      0x461 src/ASF/sam0/drivers/tcc/tcc_callback.o
 .debug_macro   0x0001132f      0x3e8 src/ASF/common/utils/interrupt/interrupt_sam_nvic.o
 .debug_macro   0x00011717      0x43a src/ASF/sam0/drivers/system/clock/clock_samd10_d11/clock.o
 .debug_macro   0x00011b51      0x220 src/ASF/sam0/drivers/system/clock/clock_samd10_d11/clock.o
 .debug_macro   0x00011d71      0x414 src/ASF/sam0/drivers/system/clock/clock_samd10_d11/gclk.o
 .debug_macro   0x00012185       0x11 src/ASF/sam0/drivers/system/clock/clock_samd10_d11/gclk.o
 .debug_macro   0x00012196      0x3fa src/ASF/sam0/drivers/system/pinmux/pinmux.o
 .debug_macro   0x00012590      0x417 src/ASF/sam0/drivers/system/system.o
 .debug_macro   0x000129a7      0x255 src/ASF/sam0/utils/cmsis/samd10/source/gcc/startup_samd10.o
 .debug_macro   0x00012bfc       0x3a src/ASF/sam0/utils/cmsis/samd10/source/gcc/startup_samd10.o
 .debug_macro   0x00012c36      0x509 src/main.o

.debug_line     0x00000000     0xab56
 .debug_line    0x00000000      0x928 src/ASF/sam0/drivers/port/port.o
 .debug_line    0x00000928      0xaeb src/ASF/sam0/drivers/sercom/sercom.o
 .debug_line    0x00001413      0xcf0 src/Peripherals/bastian_sercom.o
 .debug_line    0x00002103     0x1361 src/ASF/sam0/drivers/sercom/spi/spi.o
 .debug_line    0x00003464      0xcc2 src/ASF/sam0/drivers/sercom/spi/spi_interrupt.o
 .debug_line    0x00004126      0xaa1 src/ASF/sam0/drivers/sercom/sercom_interrupt.o
 .debug_line    0x00004bc7      0xdae src/ASF/sam0/drivers/tcc/tcc.o
 .debug_line    0x00005975      0xa69 src/ASF/sam0/drivers/tcc/tcc_callback.o
 .debug_line    0x000063de      0x8fa src/ASF/common/utils/interrupt/interrupt_sam_nvic.o
 .debug_line    0x00006cd8      0xc21 src/ASF/sam0/drivers/system/clock/clock_samd10_d11/clock.o
 .debug_line    0x000078f9      0xca2 src/ASF/sam0/drivers/system/clock/clock_samd10_d11/gclk.o
 .debug_line    0x0000859b      0x942 src/ASF/sam0/drivers/system/pinmux/pinmux.o
 .debug_line    0x00008edd      0x94e src/ASF/sam0/drivers/system/system.o
 .debug_line    0x0000982b      0x6f5 src/ASF/sam0/utils/cmsis/samd10/source/gcc/startup_samd10.o
 .debug_line    0x00009f20      0xc36 src/main.o

.debug_str      0x00000000    0x6939a
 .debug_str     0x00000000    0x5ffeb src/ASF/sam0/drivers/port/port.o
                              0x604ba (size before relaxing)
 .debug_str     0x0005ffeb     0x12ad src/ASF/sam0/drivers/sercom/sercom.o
                              0x6142f (size before relaxing)
 .debug_str     0x00061298     0x2585 src/Peripherals/bastian_sercom.o
                              0x6398e (size before relaxing)
 .debug_str     0x0006381d      0x85e src/ASF/sam0/drivers/sercom/spi/spi.o
                              0x635d9 (size before relaxing)
 .debug_str     0x0006407b      0x178 src/ASF/sam0/drivers/sercom/spi/spi_interrupt.o
                              0x62679 (size before relaxing)
 .debug_str     0x000641f3      0x1b7 src/ASF/sam0/drivers/sercom/sercom_interrupt.o
                              0x611ee (size before relaxing)
 .debug_str     0x000643aa     0x2150 src/ASF/sam0/drivers/tcc/tcc.o
                              0x6348a (size before relaxing)
 .debug_str     0x000664fa      0x1a2 src/ASF/sam0/drivers/tcc/tcc_callback.o
                              0x61886 (size before relaxing)
 .debug_str     0x0006669c       0x9b src/ASF/common/utils/interrupt/interrupt_sam_nvic.o
                              0x60105 (size before relaxing)
 .debug_str     0x00066737     0x2409 src/ASF/sam0/drivers/system/clock/clock_samd10_d11/clock.o
                              0x62dc0 (size before relaxing)
 .debug_str     0x00068b40      0x2ca src/ASF/sam0/drivers/system/clock/clock_samd10_d11/gclk.o
                              0x60cf2 (size before relaxing)
 .debug_str     0x00068e0a      0x130 src/ASF/sam0/drivers/system/pinmux/pinmux.o
                              0x604fc (size before relaxing)
 .debug_str     0x00068f3a       0x47 src/ASF/sam0/drivers/system/system.o
                              0x60145 (size before relaxing)
 .debug_str     0x00068f81      0x2ff src/ASF/sam0/utils/cmsis/samd10/source/gcc/startup_samd10.o
                              0x4e64b (size before relaxing)
 .debug_str     0x00069280      0x11a src/main.o
                              0x63fb7 (size before relaxing)

.debug_frame    0x00000000      0xac8
 .debug_frame   0x00000000       0x44 src/ASF/sam0/drivers/port/port.o
 .debug_frame   0x00000044       0x80 src/ASF/sam0/drivers/sercom/sercom.o
 .debug_frame   0x000000c4       0x88 src/Peripherals/bastian_sercom.o
 .debug_frame   0x0000014c      0x128 src/ASF/sam0/drivers/sercom/spi/spi.o
 .debug_frame   0x00000274       0xa8 src/ASF/sam0/drivers/sercom/spi/spi_interrupt.o
 .debug_frame   0x0000031c       0xa4 src/ASF/sam0/drivers/sercom/sercom_interrupt.o
 .debug_frame   0x000003c0      0x1e8 src/ASF/sam0/drivers/tcc/tcc.o
 .debug_frame   0x000005a8       0xa4 src/ASF/sam0/drivers/tcc/tcc_callback.o
 .debug_frame   0x0000064c       0x30 src/ASF/common/utils/interrupt/interrupt_sam_nvic.o
 .debug_frame   0x0000067c      0x150 src/ASF/sam0/drivers/system/clock/clock_samd10_d11/clock.o
 .debug_frame   0x000007cc      0x14c src/ASF/sam0/drivers/system/clock/clock_samd10_d11/gclk.o
 .debug_frame   0x00000918       0x7c src/ASF/sam0/drivers/system/pinmux/pinmux.o
 .debug_frame   0x00000994       0x38 src/ASF/sam0/drivers/system/system.o
 .debug_frame   0x000009cc       0x38 src/ASF/sam0/utils/cmsis/samd10/source/gcc/startup_samd10.o
 .debug_frame   0x00000a04       0x50 src/main.o
 .debug_frame   0x00000a54       0x20 c:/program files (x86)/atmel/atmel toolchain/arm gcc/native/4.8.1437/arm-gnu-toolchain/bin/../lib/gcc/arm-none-eabi/4.8.4/armv6-m\libgcc.a(_udivsi3.o)
 .debug_frame   0x00000a74       0x2c c:/program files (x86)/atmel/atmel toolchain/arm gcc/native/4.8.1437/arm-gnu-toolchain/bin/../lib/gcc/arm-none-eabi/4.8.4/../../../../arm-none-eabi/lib/armv6-m\libc_s.a(lib_a-init.o)
 .debug_frame   0x00000aa0       0x28 c:/program files (x86)/atmel/atmel toolchain/arm gcc/native/4.8.1437/arm-gnu-toolchain/bin/../lib/gcc/arm-none-eabi/4.8.4/../../../../arm-none-eabi/lib/armv6-m\libc_s.a(lib_a-memcpy-stub.o)

Cross Reference Table

Symbol                                            File
AC_Handler                                        src/ASF/sam0/utils/cmsis/samd10/source/gcc/startup_samd10.o
ADC_Handler                                       src/ASF/sam0/utils/cmsis/samd10/source/gcc/startup_samd10.o
DAC_Handler                                       src/ASF/sam0/utils/cmsis/samd10/source/gcc/startup_samd10.o
DMAC_Handler                                      src/ASF/sam0/utils/cmsis/samd10/source/gcc/startup_samd10.o
Dummy_Handler                                     src/ASF/sam0/utils/cmsis/samd10/source/gcc/startup_samd10.o
EIC_Handler                                       src/ASF/sam0/utils/cmsis/samd10/source/gcc/startup_samd10.o
EVSYS_Handler                                     src/ASF/sam0/utils/cmsis/samd10/source/gcc/startup_samd10.o
HardFault_Handler                                 src/ASF/sam0/utils/cmsis/samd10/source/gcc/startup_samd10.o
NMI_Handler                                       src/ASF/sam0/utils/cmsis/samd10/source/gcc/startup_samd10.o
NVMCTRL_Handler                                   src/ASF/sam0/utils/cmsis/samd10/source/gcc/startup_samd10.o
PM_Handler                                        src/ASF/sam0/utils/cmsis/samd10/source/gcc/startup_samd10.o
PTC_Handler                                       src/ASF/sam0/utils/cmsis/samd10/source/gcc/startup_samd10.o
PendSV_Handler                                    src/ASF/sam0/utils/cmsis/samd10/source/gcc/startup_samd10.o
RTC_Handler                                       src/ASF/sam0/utils/cmsis/samd10/source/gcc/startup_samd10.o
Reset_Handler                                     src/ASF/sam0/utils/cmsis/samd10/source/gcc/startup_samd10.o
SERCOM0_Handler                                   src/ASF/sam0/drivers/sercom/sercom_interrupt.o
SERCOM1_Handler                                   src/ASF/sam0/drivers/sercom/sercom_interrupt.o
SERCOM2_Handler                                   src/ASF/sam0/utils/cmsis/samd10/source/gcc/startup_samd10.o
SVC_Handler                                       src/ASF/sam0/utils/cmsis/samd10/source/gcc/startup_samd10.o
SYSCTRL_Handler                                   src/ASF/sam0/utils/cmsis/samd10/source/gcc/startup_samd10.o
SysTick_Handler                                   src/ASF/sam0/utils/cmsis/samd10/source/gcc/startup_samd10.o
SystemCoreClock                                   src/ASF/sam0/utils/cmsis/samd10/source/system_samd10.o
SystemCoreClockUpdate                             src/ASF/sam0/utils/cmsis/samd10/source/system_samd10.o
SystemInit                                        src/ASF/sam0/utils/cmsis/samd10/source/system_samd10.o
TC1_Handler                                       src/ASF/sam0/utils/cmsis/samd10/source/gcc/startup_samd10.o
TC2_Handler                                       src/ASF/sam0/utils/cmsis/samd10/source/gcc/startup_samd10.o
TCC0_Handler                                      src/ASF/sam0/drivers/tcc/tcc_callback.o
USB_Handler                                       src/ASF/sam0/utils/cmsis/samd10/source/gcc/startup_samd10.o
WDT_Handler                                       src/ASF/sam0/utils/cmsis/samd10/source/gcc/startup_samd10.o
_Jv_RegisterClasses                               c:/program files (x86)/atmel/atmel toolchain/arm gcc/native/4.8.1437/arm-gnu-toolchain/bin/../lib/gcc/arm-none-eabi/4.8.4/armv6-m/crtbegin.o
__aeabi_idiv                                      c:/program files (x86)/atmel/atmel toolchain/arm gcc/native/4.8.1437/arm-gnu-toolchain/bin/../lib/gcc/arm-none-eabi/4.8.4/armv6-m\libgcc.a(_divsi3.o)
                                                  c:/program files (x86)/atmel/atmel toolchain/arm gcc/native/4.8.1437/arm-gnu-toolchain/bin/../lib/gcc/arm-none-eabi/4.8.4/../../../../arm-none-eabi/lib/armv6-m\libc_s.a(lib_a-fvwrite.o)
__aeabi_idiv0                                     c:/program files (x86)/atmel/atmel toolchain/arm gcc/native/4.8.1437/arm-gnu-toolchain/bin/../lib/gcc/arm-none-eabi/4.8.4/armv6-m\libgcc.a(_dvmd_tls.o)
                                                  c:/program files (x86)/atmel/atmel toolchain/arm gcc/native/4.8.1437/arm-gnu-toolchain/bin/../lib/gcc/arm-none-eabi/4.8.4/armv6-m\libgcc.a(_divsi3.o)
                                                  c:/program files (x86)/atmel/atmel toolchain/arm gcc/native/4.8.1437/arm-gnu-toolchain/bin/../lib/gcc/arm-none-eabi/4.8.4/armv6-m\libgcc.a(_udivsi3.o)
__aeabi_idivmod                                   c:/program files (x86)/atmel/atmel toolchain/arm gcc/native/4.8.1437/arm-gnu-toolchain/bin/../lib/gcc/arm-none-eabi/4.8.4/armv6-m\libgcc.a(_divsi3.o)
__aeabi_ldiv0                                     c:/program files (x86)/atmel/atmel toolchain/arm gcc/native/4.8.1437/arm-gnu-toolchain/bin/../lib/gcc/arm-none-eabi/4.8.4/armv6-m\libgcc.a(_dvmd_tls.o)
__aeabi_lmul                                      c:/program files (x86)/atmel/atmel toolchain/arm gcc/native/4.8.1437/arm-gnu-toolchain/bin/../lib/gcc/arm-none-eabi/4.8.4/armv6-m\libgcc.a(_muldi3.o)
                                                  src/ASF/sam0/drivers/sercom/sercom.o
__aeabi_uidiv                                     c:/program files (x86)/atmel/atmel toolchain/arm gcc/native/4.8.1437/arm-gnu-toolchain/bin/../lib/gcc/arm-none-eabi/4.8.4/armv6-m\libgcc.a(_udivsi3.o)
                                                  c:/program files (x86)/atmel/atmel toolchain/arm gcc/native/4.8.1437/arm-gnu-toolchain/bin/../lib/gcc/arm-none-eabi/4.8.4/../../../../arm-none-eabi/lib/armv6-m\libc_s.a(lib_a-vfprintf_i.o)
                                                  src/ASF/sam0/drivers/system/clock/clock_samd10_d11/gclk.o
                                                  src/ASF/sam0/drivers/system/clock/clock_samd10_d11/clock.o
__aeabi_uidivmod                                  c:/program files (x86)/atmel/atmel toolchain/arm gcc/native/4.8.1437/arm-gnu-toolchain/bin/../lib/gcc/arm-none-eabi/4.8.4/armv6-m\libgcc.a(_udivsi3.o)
                                                  c:/program files (x86)/atmel/atmel toolchain/arm gcc/native/4.8.1437/arm-gnu-toolchain/bin/../lib/gcc/arm-none-eabi/4.8.4/../../../../arm-none-eabi/lib/armv6-m\libc_s.a(lib_a-vfprintf_i.o)
__bss_end__                                       c:/program files (x86)/atmel/atmel toolchain/arm gcc/native/4.8.1437/arm-gnu-toolchain/bin/../lib/gcc/arm-none-eabi/4.8.4/../../../../arm-none-eabi/lib/armv6-m/crt0.o
__bss_start__                                     c:/program files (x86)/atmel/atmel toolchain/arm gcc/native/4.8.1437/arm-gnu-toolchain/bin/../lib/gcc/arm-none-eabi/4.8.4/../../../../arm-none-eabi/lib/armv6-m/crt0.o
__call_exitprocs                                  c:/program files (x86)/atmel/atmel toolchain/arm gcc/native/4.8.1437/arm-gnu-toolchain/bin/../lib/gcc/arm-none-eabi/4.8.4/../../../../arm-none-eabi/lib/armv6-m\libc_s.a(lib_a-exit.o)
__deregister_frame_info                           c:/program files (x86)/atmel/atmel toolchain/arm gcc/native/4.8.1437/arm-gnu-toolchain/bin/../lib/gcc/arm-none-eabi/4.8.4/armv6-m/crtbegin.o
__divsi3                                          c:/program files (x86)/atmel/atmel toolchain/arm gcc/native/4.8.1437/arm-gnu-toolchain/bin/../lib/gcc/arm-none-eabi/4.8.4/armv6-m\libgcc.a(_divsi3.o)
__dso_handle                                      c:/program files (x86)/atmel/atmel toolchain/arm gcc/native/4.8.1437/arm-gnu-toolchain/bin/../lib/gcc/arm-none-eabi/4.8.4/armv6-m/crtbegin.o
__fp_lock_all                                     c:/program files (x86)/atmel/atmel toolchain/arm gcc/native/4.8.1437/arm-gnu-toolchain/bin/../lib/gcc/arm-none-eabi/4.8.4/../../../../arm-none-eabi/lib/armv6-m\libc_s.a(lib_a-findfp.o)
__fp_unlock_all                                   c:/program files (x86)/atmel/atmel toolchain/arm gcc/native/4.8.1437/arm-gnu-toolchain/bin/../lib/gcc/arm-none-eabi/4.8.4/../../../../arm-none-eabi/lib/armv6-m\libc_s.a(lib_a-findfp.o)
__init_array_end                                  c:/program files (x86)/atmel/atmel toolchain/arm gcc/native/4.8.1437/arm-gnu-toolchain/bin/../lib/gcc/arm-none-eabi/4.8.4/../../../../arm-none-eabi/lib/armv6-m\libc_s.a(lib_a-init.o)
__init_array_start                                c:/program files (x86)/atmel/atmel toolchain/arm gcc/native/4.8.1437/arm-gnu-toolchain/bin/../lib/gcc/arm-none-eabi/4.8.4/../../../../arm-none-eabi/lib/armv6-m\libc_s.a(lib_a-init.o)
__libc_fini_array                                 c:/program files (x86)/atmel/atmel toolchain/arm gcc/native/4.8.1437/arm-gnu-toolchain/bin/../lib/gcc/arm-none-eabi/4.8.4/../../../../arm-none-eabi/lib/armv6-m/crt0.o
__libc_init_array                                 c:/program files (x86)/atmel/atmel toolchain/arm gcc/native/4.8.1437/arm-gnu-toolchain/bin/../lib/gcc/arm-none-eabi/4.8.4/../../../../arm-none-eabi/lib/armv6-m\libc_s.a(lib_a-init.o)
                                                  src/ASF/sam0/utils/cmsis/samd10/source/gcc/startup_samd10.o
                                                  c:/program files (x86)/atmel/atmel toolchain/arm gcc/native/4.8.1437/arm-gnu-toolchain/bin/../lib/gcc/arm-none-eabi/4.8.4/../../../../arm-none-eabi/lib/armv6-m/crt0.o
__malloc_free_list                                c:/program files (x86)/atmel/atmel toolchain/arm gcc/native/4.8.1437/arm-gnu-toolchain/bin/../lib/gcc/arm-none-eabi/4.8.4/../../../../arm-none-eabi/lib/armv6-m\libc_s.a(lib_a-nano-mallocr.o)
                                                  c:/program files (x86)/atmel/atmel toolchain/arm gcc/native/4.8.1437/arm-gnu-toolchain/bin/../lib/gcc/arm-none-eabi/4.8.4/../../../../arm-none-eabi/lib/armv6-m\libc_s.a(lib_a-nano-freer.o)
__malloc_sbrk_start                               c:/program files (x86)/atmel/atmel toolchain/arm gcc/native/4.8.1437/arm-gnu-toolchain/bin/../lib/gcc/arm-none-eabi/4.8.4/../../../../arm-none-eabi/lib/armv6-m\libc_s.a(lib_a-nano-mallocr.o)
__muldi3                                          c:/program files (x86)/atmel/atmel toolchain/arm gcc/native/4.8.1437/arm-gnu-toolchain/bin/../lib/gcc/arm-none-eabi/4.8.4/armv6-m\libgcc.a(_muldi3.o)
__preinit_array_end                               c:/program files (x86)/atmel/atmel toolchain/arm gcc/native/4.8.1437/arm-gnu-toolchain/bin/../lib/gcc/arm-none-eabi/4.8.4/../../../../arm-none-eabi/lib/armv6-m\libc_s.a(lib_a-init.o)
__preinit_array_start                             c:/program files (x86)/atmel/atmel toolchain/arm gcc/native/4.8.1437/arm-gnu-toolchain/bin/../lib/gcc/arm-none-eabi/4.8.4/../../../../arm-none-eabi/lib/armv6-m\libc_s.a(lib_a-init.o)
__register_frame_info                             c:/program files (x86)/atmel/atmel toolchain/arm gcc/native/4.8.1437/arm-gnu-toolchain/bin/../lib/gcc/arm-none-eabi/4.8.4/armv6-m/crtbegin.o
__sclose                                          c:/program files (x86)/atmel/atmel toolchain/arm gcc/native/4.8.1437/arm-gnu-toolchain/bin/../lib/gcc/arm-none-eabi/4.8.4/../../../../arm-none-eabi/lib/armv6-m\libc_s.a(lib_a-stdio.o)
                                                  c:/program files (x86)/atmel/atmel toolchain/arm gcc/native/4.8.1437/arm-gnu-toolchain/bin/../lib/gcc/arm-none-eabi/4.8.4/../../../../arm-none-eabi/lib/armv6-m\libc_s.a(lib_a-findfp.o)
__seofread                                        c:/program files (x86)/atmel/atmel toolchain/arm gcc/native/4.8.1437/arm-gnu-toolchain/bin/../lib/gcc/arm-none-eabi/4.8.4/../../../../arm-none-eabi/lib/armv6-m\libc_s.a(lib_a-stdio.o)
__sf_fake_stderr                                  c:/program files (x86)/atmel/atmel toolchain/arm gcc/native/4.8.1437/arm-gnu-toolchain/bin/../lib/gcc/arm-none-eabi/4.8.4/../../../../arm-none-eabi/lib/armv6-m\libc_s.a(lib_a-findfp.o)
                                                  c:/program files (x86)/atmel/atmel toolchain/arm gcc/native/4.8.1437/arm-gnu-toolchain/bin/../lib/gcc/arm-none-eabi/4.8.4/../../../../arm-none-eabi/lib/armv6-m\libc_s.a(lib_a-fflush.o)
                                                  c:/program files (x86)/atmel/atmel toolchain/arm gcc/native/4.8.1437/arm-gnu-toolchain/bin/../lib/gcc/arm-none-eabi/4.8.4/../../../../arm-none-eabi/lib/armv6-m\libc_s.a(lib_a-wsetup.o)
                                                  c:/program files (x86)/atmel/atmel toolchain/arm gcc/native/4.8.1437/arm-gnu-toolchain/bin/../lib/gcc/arm-none-eabi/4.8.4/../../../../arm-none-eabi/lib/armv6-m\libc_s.a(lib_a-wbuf.o)
                                                  c:/program files (x86)/atmel/atmel toolchain/arm gcc/native/4.8.1437/arm-gnu-toolchain/bin/../lib/gcc/arm-none-eabi/4.8.4/../../../../arm-none-eabi/lib/armv6-m\libc_s.a(lib_a-vfprintf.o)
                                                  c:/program files (x86)/atmel/atmel toolchain/arm gcc/native/4.8.1437/arm-gnu-toolchain/bin/../lib/gcc/arm-none-eabi/4.8.4/../../../../arm-none-eabi/lib/armv6-m\libc_s.a(lib_a-impure.o)
__sf_fake_stdin                                   c:/program files (x86)/atmel/atmel toolchain/arm gcc/native/4.8.1437/arm-gnu-toolchain/bin/../lib/gcc/arm-none-eabi/4.8.4/../../../../arm-none-eabi/lib/armv6-m\libc_s.a(lib_a-findfp.o)
                                                  c:/program files (x86)/atmel/atmel toolchain/arm gcc/native/4.8.1437/arm-gnu-toolchain/bin/../lib/gcc/arm-none-eabi/4.8.4/../../../../arm-none-eabi/lib/armv6-m\libc_s.a(lib_a-fflush.o)
                                                  c:/program files (x86)/atmel/atmel toolchain/arm gcc/native/4.8.1437/arm-gnu-toolchain/bin/../lib/gcc/arm-none-eabi/4.8.4/../../../../arm-none-eabi/lib/armv6-m\libc_s.a(lib_a-wsetup.o)
                                                  c:/program files (x86)/atmel/atmel toolchain/arm gcc/native/4.8.1437/arm-gnu-toolchain/bin/../lib/gcc/arm-none-eabi/4.8.4/../../../../arm-none-eabi/lib/armv6-m\libc_s.a(lib_a-wbuf.o)
                                                  c:/program files (x86)/atmel/atmel toolchain/arm gcc/native/4.8.1437/arm-gnu-toolchain/bin/../lib/gcc/arm-none-eabi/4.8.4/../../../../arm-none-eabi/lib/armv6-m\libc_s.a(lib_a-vfprintf.o)
                                                  c:/program files (x86)/atmel/atmel toolchain/arm gcc/native/4.8.1437/arm-gnu-toolchain/bin/../lib/gcc/arm-none-eabi/4.8.4/../../../../arm-none-eabi/lib/armv6-m\libc_s.a(lib_a-impure.o)
__sf_fake_stdout                                  c:/program files (x86)/atmel/atmel toolchain/arm gcc/native/4.8.1437/arm-gnu-toolchain/bin/../lib/gcc/arm-none-eabi/4.8.4/../../../../arm-none-eabi/lib/armv6-m\libc_s.a(lib_a-findfp.o)
                                                  c:/program files (x86)/atmel/atmel toolchain/arm gcc/native/4.8.1437/arm-gnu-toolchain/bin/../lib/gcc/arm-none-eabi/4.8.4/../../../../arm-none-eabi/lib/armv6-m\libc_s.a(lib_a-fflush.o)
                                                  c:/program files (x86)/atmel/atmel toolchain/arm gcc/native/4.8.1437/arm-gnu-toolchain/bin/../lib/gcc/arm-none-eabi/4.8.4/../../../../arm-none-eabi/lib/armv6-m\libc_s.a(lib_a-wsetup.o)
                                                  c:/program files (x86)/atmel/atmel toolchain/arm gcc/native/4.8.1437/arm-gnu-toolchain/bin/../lib/gcc/arm-none-eabi/4.8.4/../../../../arm-none-eabi/lib/armv6-m\libc_s.a(lib_a-wbuf.o)
                                                  c:/program files (x86)/atmel/atmel toolchain/arm gcc/native/4.8.1437/arm-gnu-toolchain/bin/../lib/gcc/arm-none-eabi/4.8.4/../../../../arm-none-eabi/lib/armv6-m\libc_s.a(lib_a-vfprintf.o)
                                                  c:/program files (x86)/atmel/atmel toolchain/arm gcc/native/4.8.1437/arm-gnu-toolchain/bin/../lib/gcc/arm-none-eabi/4.8.4/../../../../arm-none-eabi/lib/armv6-m\libc_s.a(lib_a-impure.o)
__sflush_r                                        c:/program files (x86)/atmel/atmel toolchain/arm gcc/native/4.8.1437/arm-gnu-toolchain/bin/../lib/gcc/arm-none-eabi/4.8.4/../../../../arm-none-eabi/lib/armv6-m\libc_s.a(lib_a-fflush.o)
__sfmoreglue                                      c:/program files (x86)/atmel/atmel toolchain/arm gcc/native/4.8.1437/arm-gnu-toolchain/bin/../lib/gcc/arm-none-eabi/4.8.4/../../../../arm-none-eabi/lib/armv6-m\libc_s.a(lib_a-findfp.o)
__sfp                                             c:/program files (x86)/atmel/atmel toolchain/arm gcc/native/4.8.1437/arm-gnu-toolchain/bin/../lib/gcc/arm-none-eabi/4.8.4/../../../../arm-none-eabi/lib/armv6-m\libc_s.a(lib_a-findfp.o)
__sfp_lock_acquire                                c:/program files (x86)/atmel/atmel toolchain/arm gcc/native/4.8.1437/arm-gnu-toolchain/bin/../lib/gcc/arm-none-eabi/4.8.4/../../../../arm-none-eabi/lib/armv6-m\libc_s.a(lib_a-findfp.o)
__sfp_lock_release                                c:/program files (x86)/atmel/atmel toolchain/arm gcc/native/4.8.1437/arm-gnu-toolchain/bin/../lib/gcc/arm-none-eabi/4.8.4/../../../../arm-none-eabi/lib/armv6-m\libc_s.a(lib_a-findfp.o)
__sfputs_r                                        c:/program files (x86)/atmel/atmel toolchain/arm gcc/native/4.8.1437/arm-gnu-toolchain/bin/../lib/gcc/arm-none-eabi/4.8.4/../../../../arm-none-eabi/lib/armv6-m\libc_s.a(lib_a-vfprintf.o)
__sfvwrite_r                                      c:/program files (x86)/atmel/atmel toolchain/arm gcc/native/4.8.1437/arm-gnu-toolchain/bin/../lib/gcc/arm-none-eabi/4.8.4/../../../../arm-none-eabi/lib/armv6-m\libc_s.a(lib_a-fvwrite.o)
                                                  c:/program files (x86)/atmel/atmel toolchain/arm gcc/native/4.8.1437/arm-gnu-toolchain/bin/../lib/gcc/arm-none-eabi/4.8.4/../../../../arm-none-eabi/lib/armv6-m\libc_s.a(lib_a-vfprintf.o)
__sinit                                           c:/program files (x86)/atmel/atmel toolchain/arm gcc/native/4.8.1437/arm-gnu-toolchain/bin/../lib/gcc/arm-none-eabi/4.8.4/../../../../arm-none-eabi/lib/armv6-m\libc_s.a(lib_a-findfp.o)
                                                  c:/program files (x86)/atmel/atmel toolchain/arm gcc/native/4.8.1437/arm-gnu-toolchain/bin/../lib/gcc/arm-none-eabi/4.8.4/../../../../arm-none-eabi/lib/armv6-m\libc_s.a(lib_a-fflush.o)
                                                  c:/program files (x86)/atmel/atmel toolchain/arm gcc/native/4.8.1437/arm-gnu-toolchain/bin/../lib/gcc/arm-none-eabi/4.8.4/../../../../arm-none-eabi/lib/armv6-m\libc_s.a(lib_a-wsetup.o)
                                                  c:/program files (x86)/atmel/atmel toolchain/arm gcc/native/4.8.1437/arm-gnu-toolchain/bin/../lib/gcc/arm-none-eabi/4.8.4/../../../../arm-none-eabi/lib/armv6-m\libc_s.a(lib_a-wbuf.o)
                                                  c:/program files (x86)/atmel/atmel toolchain/arm gcc/native/4.8.1437/arm-gnu-toolchain/bin/../lib/gcc/arm-none-eabi/4.8.4/../../../../arm-none-eabi/lib/armv6-m\libc_s.a(lib_a-vfprintf.o)
                                                  c:/program files (x86)/atmel/atmel toolchain/arm gcc/native/4.8.1437/arm-gnu-toolchain/bin/../lib/gcc/arm-none-eabi/4.8.4/../../../../arm-none-eabi/lib/armv6-m\libc_s.a(lib_a-printf.o)
__sinit_lock_acquire                              c:/program files (x86)/atmel/atmel toolchain/arm gcc/native/4.8.1437/arm-gnu-toolchain/bin/../lib/gcc/arm-none-eabi/4.8.4/../../../../arm-none-eabi/lib/armv6-m\libc_s.a(lib_a-findfp.o)
__sinit_lock_release                              c:/program files (x86)/atmel/atmel toolchain/arm gcc/native/4.8.1437/arm-gnu-toolchain/bin/../lib/gcc/arm-none-eabi/4.8.4/../../../../arm-none-eabi/lib/armv6-m\libc_s.a(lib_a-findfp.o)
__smakebuf_r                                      c:/program files (x86)/atmel/atmel toolchain/arm gcc/native/4.8.1437/arm-gnu-toolchain/bin/../lib/gcc/arm-none-eabi/4.8.4/../../../../arm-none-eabi/lib/armv6-m\libc_s.a(lib_a-makebuf.o)
                                                  c:/program files (x86)/atmel/atmel toolchain/arm gcc/native/4.8.1437/arm-gnu-toolchain/bin/../lib/gcc/arm-none-eabi/4.8.4/../../../../arm-none-eabi/lib/armv6-m\libc_s.a(lib_a-wsetup.o)
__sprint_r                                        c:/program files (x86)/atmel/atmel toolchain/arm gcc/native/4.8.1437/arm-gnu-toolchain/bin/../lib/gcc/arm-none-eabi/4.8.4/../../../../arm-none-eabi/lib/armv6-m\libc_s.a(lib_a-vfprintf.o)
__sread                                           c:/program files (x86)/atmel/atmel toolchain/arm gcc/native/4.8.1437/arm-gnu-toolchain/bin/../lib/gcc/arm-none-eabi/4.8.4/../../../../arm-none-eabi/lib/armv6-m\libc_s.a(lib_a-stdio.o)
                                                  c:/program files (x86)/atmel/atmel toolchain/arm gcc/native/4.8.1437/arm-gnu-toolchain/bin/../lib/gcc/arm-none-eabi/4.8.4/../../../../arm-none-eabi/lib/armv6-m\libc_s.a(lib_a-findfp.o)
__sseek                                           c:/program files (x86)/atmel/atmel toolchain/arm gcc/native/4.8.1437/arm-gnu-toolchain/bin/../lib/gcc/arm-none-eabi/4.8.4/../../../../arm-none-eabi/lib/armv6-m\libc_s.a(lib_a-stdio.o)
                                                  c:/program files (x86)/atmel/atmel toolchain/arm gcc/native/4.8.1437/arm-gnu-toolchain/bin/../lib/gcc/arm-none-eabi/4.8.4/../../../../arm-none-eabi/lib/armv6-m\libc_s.a(lib_a-findfp.o)
__stack                                           c:/program files (x86)/atmel/atmel toolchain/arm gcc/native/4.8.1437/arm-gnu-toolchain/bin/../lib/gcc/arm-none-eabi/4.8.4/../../../../arm-none-eabi/lib/armv6-m/crt0.o
__swbuf                                           c:/program files (x86)/atmel/atmel toolchain/arm gcc/native/4.8.1437/arm-gnu-toolchain/bin/../lib/gcc/arm-none-eabi/4.8.4/../../../../arm-none-eabi/lib/armv6-m\libc_s.a(lib_a-wbuf.o)
__swbuf_r                                         c:/program files (x86)/atmel/atmel toolchain/arm gcc/native/4.8.1437/arm-gnu-toolchain/bin/../lib/gcc/arm-none-eabi/4.8.4/../../../../arm-none-eabi/lib/armv6-m\libc_s.a(lib_a-wbuf.o)
                                                  c:/program files (x86)/atmel/atmel toolchain/arm gcc/native/4.8.1437/arm-gnu-toolchain/bin/../lib/gcc/arm-none-eabi/4.8.4/../../../../arm-none-eabi/lib/armv6-m\libc_s.a(lib_a-vfprintf.o)
__swrite                                          c:/program files (x86)/atmel/atmel toolchain/arm gcc/native/4.8.1437/arm-gnu-toolchain/bin/../lib/gcc/arm-none-eabi/4.8.4/../../../../arm-none-eabi/lib/armv6-m\libc_s.a(lib_a-stdio.o)
                                                  c:/program files (x86)/atmel/atmel toolchain/arm gcc/native/4.8.1437/arm-gnu-toolchain/bin/../lib/gcc/arm-none-eabi/4.8.4/../../../../arm-none-eabi/lib/armv6-m\libc_s.a(lib_a-findfp.o)
__swsetup_r                                       c:/program files (x86)/atmel/atmel toolchain/arm gcc/native/4.8.1437/arm-gnu-toolchain/bin/../lib/gcc/arm-none-eabi/4.8.4/../../../../arm-none-eabi/lib/armv6-m\libc_s.a(lib_a-wsetup.o)
                                                  c:/program files (x86)/atmel/atmel toolchain/arm gcc/native/4.8.1437/arm-gnu-toolchain/bin/../lib/gcc/arm-none-eabi/4.8.4/../../../../arm-none-eabi/lib/armv6-m\libc_s.a(lib_a-fvwrite.o)
                                                  c:/program files (x86)/atmel/atmel toolchain/arm gcc/native/4.8.1437/arm-gnu-toolchain/bin/../lib/gcc/arm-none-eabi/4.8.4/../../../../arm-none-eabi/lib/armv6-m\libc_s.a(lib_a-wbuf.o)
                                                  c:/program files (x86)/atmel/atmel toolchain/arm gcc/native/4.8.1437/arm-gnu-toolchain/bin/../lib/gcc/arm-none-eabi/4.8.4/../../../../arm-none-eabi/lib/armv6-m\libc_s.a(lib_a-vfprintf.o)
__udivsi3                                         c:/program files (x86)/atmel/atmel toolchain/arm gcc/native/4.8.1437/arm-gnu-toolchain/bin/../lib/gcc/arm-none-eabi/4.8.4/armv6-m\libgcc.a(_udivsi3.o)
_cleanup                                          c:/program files (x86)/atmel/atmel toolchain/arm gcc/native/4.8.1437/arm-gnu-toolchain/bin/../lib/gcc/arm-none-eabi/4.8.4/../../../../arm-none-eabi/lib/armv6-m\libc_s.a(lib_a-findfp.o)
_cleanup_r                                        c:/program files (x86)/atmel/atmel toolchain/arm gcc/native/4.8.1437/arm-gnu-toolchain/bin/../lib/gcc/arm-none-eabi/4.8.4/../../../../arm-none-eabi/lib/armv6-m\libc_s.a(lib_a-findfp.o)
                                                  c:/program files (x86)/atmel/atmel toolchain/arm gcc/native/4.8.1437/arm-gnu-toolchain/bin/../lib/gcc/arm-none-eabi/4.8.4/../../../../arm-none-eabi/lib/armv6-m\libc_s.a(lib_a-makebuf.o)
_close                                            src/ASF/sam0/utils/syscalls/gcc/syscalls.o
                                                  c:/program files (x86)/atmel/atmel toolchain/arm gcc/native/4.8.1437/arm-gnu-toolchain/bin/../lib/gcc/arm-none-eabi/4.8.4/../../../../arm-none-eabi/lib/armv6-m\libc_s.a(lib_a-closer.o)
_close_r                                          c:/program files (x86)/atmel/atmel toolchain/arm gcc/native/4.8.1437/arm-gnu-toolchain/bin/../lib/gcc/arm-none-eabi/4.8.4/../../../../arm-none-eabi/lib/armv6-m\libc_s.a(lib_a-closer.o)
                                                  c:/program files (x86)/atmel/atmel toolchain/arm gcc/native/4.8.1437/arm-gnu-toolchain/bin/../lib/gcc/arm-none-eabi/4.8.4/../../../../arm-none-eabi/lib/armv6-m\libc_s.a(lib_a-stdio.o)
_end                                              src/ASF/sam0/utils/syscalls/gcc/syscalls.o
_erelocate                                        src/ASF/sam0/utils/cmsis/samd10/source/gcc/startup_samd10.o
_estack                                           src/ASF/sam0/utils/cmsis/samd10/source/gcc/startup_samd10.o
_etext                                            src/ASF/sam0/utils/cmsis/samd10/source/gcc/startup_samd10.o
_exit                                             src/ASF/sam0/utils/syscalls/gcc/syscalls.o
                                                  c:/program files (x86)/atmel/atmel toolchain/arm gcc/native/4.8.1437/arm-gnu-toolchain/bin/../lib/gcc/arm-none-eabi/4.8.4/../../../../arm-none-eabi/lib/armv6-m\libc_s.a(lib_a-exit.o)
_ezero                                            src/ASF/sam0/utils/cmsis/samd10/source/gcc/startup_samd10.o
_fflush_r                                         c:/program files (x86)/atmel/atmel toolchain/arm gcc/native/4.8.1437/arm-gnu-toolchain/bin/../lib/gcc/arm-none-eabi/4.8.4/../../../../arm-none-eabi/lib/armv6-m\libc_s.a(lib_a-fflush.o)
                                                  c:/program files (x86)/atmel/atmel toolchain/arm gcc/native/4.8.1437/arm-gnu-toolchain/bin/../lib/gcc/arm-none-eabi/4.8.4/../../../../arm-none-eabi/lib/armv6-m\libc_s.a(lib_a-fvwrite.o)
                                                  c:/program files (x86)/atmel/atmel toolchain/arm gcc/native/4.8.1437/arm-gnu-toolchain/bin/../lib/gcc/arm-none-eabi/4.8.4/../../../../arm-none-eabi/lib/armv6-m\libc_s.a(lib_a-findfp.o)
                                                  c:/program files (x86)/atmel/atmel toolchain/arm gcc/native/4.8.1437/arm-gnu-toolchain/bin/../lib/gcc/arm-none-eabi/4.8.4/../../../../arm-none-eabi/lib/armv6-m\libc_s.a(lib_a-wbuf.o)
_fini                                             c:/program files (x86)/atmel/atmel toolchain/arm gcc/native/4.8.1437/arm-gnu-toolchain/bin/../lib/gcc/arm-none-eabi/4.8.4/armv6-m/crti.o
_free_r                                           c:/program files (x86)/atmel/atmel toolchain/arm gcc/native/4.8.1437/arm-gnu-toolchain/bin/../lib/gcc/arm-none-eabi/4.8.4/../../../../arm-none-eabi/lib/armv6-m\libc_s.a(lib_a-nano-freer.o)
                                                  c:/program files (x86)/atmel/atmel toolchain/arm gcc/native/4.8.1437/arm-gnu-toolchain/bin/../lib/gcc/arm-none-eabi/4.8.4/../../../../arm-none-eabi/lib/armv6-m\libc_s.a(lib_a-reent.o)
                                                  c:/program files (x86)/atmel/atmel toolchain/arm gcc/native/4.8.1437/arm-gnu-toolchain/bin/../lib/gcc/arm-none-eabi/4.8.4/../../../../arm-none-eabi/lib/armv6-m\libc_s.a(lib_a-nano-reallocr.o)
                                                  c:/program files (x86)/atmel/atmel toolchain/arm gcc/native/4.8.1437/arm-gnu-toolchain/bin/../lib/gcc/arm-none-eabi/4.8.4/../../../../arm-none-eabi/lib/armv6-m\libc_s.a(lib_a-fvwrite.o)
                                                  c:/program files (x86)/atmel/atmel toolchain/arm gcc/native/4.8.1437/arm-gnu-toolchain/bin/../lib/gcc/arm-none-eabi/4.8.4/../../../../arm-none-eabi/lib/armv6-m\libc_s.a(lib_a-fflush.o)
                                                  c:/program files (x86)/atmel/atmel toolchain/arm gcc/native/4.8.1437/arm-gnu-toolchain/bin/../lib/gcc/arm-none-eabi/4.8.4/../../../../arm-none-eabi/lib/armv6-m\libc_s.a(lib_a-wsetup.o)
_fstat                                            src/ASF/sam0/utils/syscalls/gcc/syscalls.o
                                                  c:/program files (x86)/atmel/atmel toolchain/arm gcc/native/4.8.1437/arm-gnu-toolchain/bin/../lib/gcc/arm-none-eabi/4.8.4/../../../../arm-none-eabi/lib/armv6-m\libc_s.a(lib_a-fstatr.o)
_fstat_r                                          c:/program files (x86)/atmel/atmel toolchain/arm gcc/native/4.8.1437/arm-gnu-toolchain/bin/../lib/gcc/arm-none-eabi/4.8.4/../../../../arm-none-eabi/lib/armv6-m\libc_s.a(lib_a-fstatr.o)
                                                  c:/program files (x86)/atmel/atmel toolchain/arm gcc/native/4.8.1437/arm-gnu-toolchain/bin/../lib/gcc/arm-none-eabi/4.8.4/../../../../arm-none-eabi/lib/armv6-m\libc_s.a(lib_a-makebuf.o)
_fwalk                                            c:/program files (x86)/atmel/atmel toolchain/arm gcc/native/4.8.1437/arm-gnu-toolchain/bin/../lib/gcc/arm-none-eabi/4.8.4/../../../../arm-none-eabi/lib/armv6-m\libc_s.a(lib_a-fwalk.o)
                                                  c:/program files (x86)/atmel/atmel toolchain/arm gcc/native/4.8.1437/arm-gnu-toolchain/bin/../lib/gcc/arm-none-eabi/4.8.4/../../../../arm-none-eabi/lib/armv6-m\libc_s.a(lib_a-findfp.o)
_fwalk_reent                                      c:/program files (x86)/atmel/atmel toolchain/arm gcc/native/4.8.1437/arm-gnu-toolchain/bin/../lib/gcc/arm-none-eabi/4.8.4/../../../../arm-none-eabi/lib/armv6-m\libc_s.a(lib_a-fwalk.o)
                                                  c:/program files (x86)/atmel/atmel toolchain/arm gcc/native/4.8.1437/arm-gnu-toolchain/bin/../lib/gcc/arm-none-eabi/4.8.4/../../../../arm-none-eabi/lib/armv6-m\libc_s.a(lib_a-fflush.o)
_getpid                                           src/ASF/sam0/utils/syscalls/gcc/syscalls.o
_global_impure_ptr                                c:/program files (x86)/atmel/atmel toolchain/arm gcc/native/4.8.1437/arm-gnu-toolchain/bin/../lib/gcc/arm-none-eabi/4.8.4/../../../../arm-none-eabi/lib/armv6-m\libc_s.a(lib_a-impure.o)
                                                  c:/program files (x86)/atmel/atmel toolchain/arm gcc/native/4.8.1437/arm-gnu-toolchain/bin/../lib/gcc/arm-none-eabi/4.8.4/../../../../arm-none-eabi/lib/armv6-m\libc_s.a(lib_a-findfp.o)
                                                  c:/program files (x86)/atmel/atmel toolchain/arm gcc/native/4.8.1437/arm-gnu-toolchain/bin/../lib/gcc/arm-none-eabi/4.8.4/../../../../arm-none-eabi/lib/armv6-m\libc_s.a(lib_a-fflush.o)
                                                  c:/program files (x86)/atmel/atmel toolchain/arm gcc/native/4.8.1437/arm-gnu-toolchain/bin/../lib/gcc/arm-none-eabi/4.8.4/../../../../arm-none-eabi/lib/armv6-m\libc_s.a(lib_a-exit.o)
_impure_ptr                                       c:/program files (x86)/atmel/atmel toolchain/arm gcc/native/4.8.1437/arm-gnu-toolchain/bin/../lib/gcc/arm-none-eabi/4.8.4/../../../../arm-none-eabi/lib/armv6-m\libc_s.a(lib_a-impure.o)
                                                  c:/program files (x86)/atmel/atmel toolchain/arm gcc/native/4.8.1437/arm-gnu-toolchain/bin/../lib/gcc/arm-none-eabi/4.8.4/../../../../arm-none-eabi/lib/armv6-m\libc_s.a(lib_a-reent.o)
                                                  c:/program files (x86)/atmel/atmel toolchain/arm gcc/native/4.8.1437/arm-gnu-toolchain/bin/../lib/gcc/arm-none-eabi/4.8.4/../../../../arm-none-eabi/lib/armv6-m\libc_s.a(lib_a-findfp.o)
                                                  c:/program files (x86)/atmel/atmel toolchain/arm gcc/native/4.8.1437/arm-gnu-toolchain/bin/../lib/gcc/arm-none-eabi/4.8.4/../../../../arm-none-eabi/lib/armv6-m\libc_s.a(lib_a-fflush.o)
                                                  c:/program files (x86)/atmel/atmel toolchain/arm gcc/native/4.8.1437/arm-gnu-toolchain/bin/../lib/gcc/arm-none-eabi/4.8.4/../../../../arm-none-eabi/lib/armv6-m\libc_s.a(lib_a-wsetup.o)
                                                  c:/program files (x86)/atmel/atmel toolchain/arm gcc/native/4.8.1437/arm-gnu-toolchain/bin/../lib/gcc/arm-none-eabi/4.8.4/../../../../arm-none-eabi/lib/armv6-m\libc_s.a(lib_a-wbuf.o)
                                                  c:/program files (x86)/atmel/atmel toolchain/arm gcc/native/4.8.1437/arm-gnu-toolchain/bin/../lib/gcc/arm-none-eabi/4.8.4/../../../../arm-none-eabi/lib/armv6-m\libc_s.a(lib_a-vfprintf.o)
                                                  c:/program files (x86)/atmel/atmel toolchain/arm gcc/native/4.8.1437/arm-gnu-toolchain/bin/../lib/gcc/arm-none-eabi/4.8.4/../../../../arm-none-eabi/lib/armv6-m\libc_s.a(lib_a-printf.o)
_init                                             c:/program files (x86)/atmel/atmel toolchain/arm gcc/native/4.8.1437/arm-gnu-toolchain/bin/../lib/gcc/arm-none-eabi/4.8.4/armv6-m/crti.o
                                                  c:/program files (x86)/atmel/atmel toolchain/arm gcc/native/4.8.1437/arm-gnu-toolchain/bin/../lib/gcc/arm-none-eabi/4.8.4/../../../../arm-none-eabi/lib/armv6-m\libc_s.a(lib_a-init.o)
_iprintf_r                                        c:/program files (x86)/atmel/atmel toolchain/arm gcc/native/4.8.1437/arm-gnu-toolchain/bin/../lib/gcc/arm-none-eabi/4.8.4/../../../../arm-none-eabi/lib/armv6-m\libc_s.a(lib_a-printf.o)
_isatty                                           src/ASF/sam0/utils/syscalls/gcc/syscalls.o
                                                  c:/program files (x86)/atmel/atmel toolchain/arm gcc/native/4.8.1437/arm-gnu-toolchain/bin/../lib/gcc/arm-none-eabi/4.8.4/../../../../arm-none-eabi/lib/armv6-m\libc_s.a(lib_a-isattyr.o)
_isatty_r                                         c:/program files (x86)/atmel/atmel toolchain/arm gcc/native/4.8.1437/arm-gnu-toolchain/bin/../lib/gcc/arm-none-eabi/4.8.4/../../../../arm-none-eabi/lib/armv6-m\libc_s.a(lib_a-isattyr.o)
                                                  c:/program files (x86)/atmel/atmel toolchain/arm gcc/native/4.8.1437/arm-gnu-toolchain/bin/../lib/gcc/arm-none-eabi/4.8.4/../../../../arm-none-eabi/lib/armv6-m\libc_s.a(lib_a-makebuf.o)
_kill                                             src/ASF/sam0/utils/syscalls/gcc/syscalls.o
_lseek                                            src/ASF/sam0/utils/syscalls/gcc/syscalls.o
                                                  c:/program files (x86)/atmel/atmel toolchain/arm gcc/native/4.8.1437/arm-gnu-toolchain/bin/../lib/gcc/arm-none-eabi/4.8.4/../../../../arm-none-eabi/lib/armv6-m\libc_s.a(lib_a-lseekr.o)
_lseek_r                                          c:/program files (x86)/atmel/atmel toolchain/arm gcc/native/4.8.1437/arm-gnu-toolchain/bin/../lib/gcc/arm-none-eabi/4.8.4/../../../../arm-none-eabi/lib/armv6-m\libc_s.a(lib_a-lseekr.o)
                                                  c:/program files (x86)/atmel/atmel toolchain/arm gcc/native/4.8.1437/arm-gnu-toolchain/bin/../lib/gcc/arm-none-eabi/4.8.4/../../../../arm-none-eabi/lib/armv6-m\libc_s.a(lib_a-stdio.o)
_mainCRTStartup                                   c:/program files (x86)/atmel/atmel toolchain/arm gcc/native/4.8.1437/arm-gnu-toolchain/bin/../lib/gcc/arm-none-eabi/4.8.4/../../../../arm-none-eabi/lib/armv6-m/crt0.o
_malloc_r                                         c:/program files (x86)/atmel/atmel toolchain/arm gcc/native/4.8.1437/arm-gnu-toolchain/bin/../lib/gcc/arm-none-eabi/4.8.4/../../../../arm-none-eabi/lib/armv6-m\libc_s.a(lib_a-nano-mallocr.o)
                                                  c:/program files (x86)/atmel/atmel toolchain/arm gcc/native/4.8.1437/arm-gnu-toolchain/bin/../lib/gcc/arm-none-eabi/4.8.4/../../../../arm-none-eabi/lib/armv6-m\libc_s.a(lib_a-nano-reallocr.o)
                                                  c:/program files (x86)/atmel/atmel toolchain/arm gcc/native/4.8.1437/arm-gnu-toolchain/bin/../lib/gcc/arm-none-eabi/4.8.4/../../../../arm-none-eabi/lib/armv6-m\libc_s.a(lib_a-makebuf.o)
                                                  c:/program files (x86)/atmel/atmel toolchain/arm gcc/native/4.8.1437/arm-gnu-toolchain/bin/../lib/gcc/arm-none-eabi/4.8.4/../../../../arm-none-eabi/lib/armv6-m\libc_s.a(lib_a-fvwrite.o)
                                                  c:/program files (x86)/atmel/atmel toolchain/arm gcc/native/4.8.1437/arm-gnu-toolchain/bin/../lib/gcc/arm-none-eabi/4.8.4/../../../../arm-none-eabi/lib/armv6-m\libc_s.a(lib_a-findfp.o)
_malloc_usable_size_r                             c:/program files (x86)/atmel/atmel toolchain/arm gcc/native/4.8.1437/arm-gnu-toolchain/bin/../lib/gcc/arm-none-eabi/4.8.4/../../../../arm-none-eabi/lib/armv6-m\libc_s.a(lib_a-nano-msizer.o)
                                                  c:/program files (x86)/atmel/atmel toolchain/arm gcc/native/4.8.1437/arm-gnu-toolchain/bin/../lib/gcc/arm-none-eabi/4.8.4/../../../../arm-none-eabi/lib/armv6-m\libc_s.a(lib_a-nano-reallocr.o)
_printf_common                                    c:/program files (x86)/atmel/atmel toolchain/arm gcc/native/4.8.1437/arm-gnu-toolchain/bin/../lib/gcc/arm-none-eabi/4.8.4/../../../../arm-none-eabi/lib/armv6-m\libc_s.a(lib_a-vfprintf_i.o)
_printf_float                                     c:/program files (x86)/atmel/atmel toolchain/arm gcc/native/4.8.1437/arm-gnu-toolchain/bin/../lib/gcc/arm-none-eabi/4.8.4/../../../../arm-none-eabi/lib/armv6-m\libc_s.a(lib_a-vfprintf.o)
_printf_i                                         c:/program files (x86)/atmel/atmel toolchain/arm gcc/native/4.8.1437/arm-gnu-toolchain/bin/../lib/gcc/arm-none-eabi/4.8.4/../../../../arm-none-eabi/lib/armv6-m\libc_s.a(lib_a-vfprintf_i.o)
                                                  c:/program files (x86)/atmel/atmel toolchain/arm gcc/native/4.8.1437/arm-gnu-toolchain/bin/../lib/gcc/arm-none-eabi/4.8.4/../../../../arm-none-eabi/lib/armv6-m\libc_s.a(lib_a-vfprintf.o)
_printf_r                                         c:/program files (x86)/atmel/atmel toolchain/arm gcc/native/4.8.1437/arm-gnu-toolchain/bin/../lib/gcc/arm-none-eabi/4.8.4/../../../../arm-none-eabi/lib/armv6-m\libc_s.a(lib_a-printf.o)
_read                                             c:/program files (x86)/atmel/atmel toolchain/arm gcc/native/4.8.1437/arm-gnu-toolchain/bin/../lib/gcc/arm-none-eabi/4.8.4/../../../../arm-none-eabi/lib/armv6-m\libc_s.a(lib_a-readr.o)
_read_r                                           c:/program files (x86)/atmel/atmel toolchain/arm gcc/native/4.8.1437/arm-gnu-toolchain/bin/../lib/gcc/arm-none-eabi/4.8.4/../../../../arm-none-eabi/lib/armv6-m\libc_s.a(lib_a-readr.o)
                                                  c:/program files (x86)/atmel/atmel toolchain/arm gcc/native/4.8.1437/arm-gnu-toolchain/bin/../lib/gcc/arm-none-eabi/4.8.4/../../../../arm-none-eabi/lib/armv6-m\libc_s.a(lib_a-stdio.o)
_realloc_r                                        c:/program files (x86)/atmel/atmel toolchain/arm gcc/native/4.8.1437/arm-gnu-toolchain/bin/../lib/gcc/arm-none-eabi/4.8.4/../../../../arm-none-eabi/lib/armv6-m\libc_s.a(lib_a-nano-reallocr.o)
                                                  c:/program files (x86)/atmel/atmel toolchain/arm gcc/native/4.8.1437/arm-gnu-toolchain/bin/../lib/gcc/arm-none-eabi/4.8.4/../../../../arm-none-eabi/lib/armv6-m\libc_s.a(lib_a-fvwrite.o)
_reclaim_reent                                    c:/program files (x86)/atmel/atmel toolchain/arm gcc/native/4.8.1437/arm-gnu-toolchain/bin/../lib/gcc/arm-none-eabi/4.8.4/../../../../arm-none-eabi/lib/armv6-m\libc_s.a(lib_a-reent.o)
_sbrk                                             src/ASF/sam0/utils/syscalls/gcc/syscalls.o
                                                  c:/program files (x86)/atmel/atmel toolchain/arm gcc/native/4.8.1437/arm-gnu-toolchain/bin/../lib/gcc/arm-none-eabi/4.8.4/../../../../arm-none-eabi/lib/armv6-m\libc_s.a(lib_a-sbrkr.o)
_sbrk_r                                           c:/program files (x86)/atmel/atmel toolchain/arm gcc/native/4.8.1437/arm-gnu-toolchain/bin/../lib/gcc/arm-none-eabi/4.8.4/../../../../arm-none-eabi/lib/armv6-m\libc_s.a(lib_a-sbrkr.o)
                                                  c:/program files (x86)/atmel/atmel toolchain/arm gcc/native/4.8.1437/arm-gnu-toolchain/bin/../lib/gcc/arm-none-eabi/4.8.4/../../../../arm-none-eabi/lib/armv6-m\libc_s.a(lib_a-nano-mallocr.o)
_sercom_get_async_baud_val                        src/ASF/sam0/drivers/sercom/sercom.o
_sercom_get_default_pad                           src/ASF/sam0/drivers/sercom/sercom.o
                                                  src/ASF/sam0/drivers/sercom/spi/spi.o
_sercom_get_interrupt_vector                      src/ASF/sam0/drivers/sercom/sercom_interrupt.o
                                                  src/ASF/sam0/drivers/sercom/spi/spi.o
                                                  src/Peripherals/bastian_sercom.o
_sercom_get_sercom_inst_index                     src/ASF/sam0/drivers/sercom/sercom_interrupt.o
                                                  src/ASF/sam0/drivers/sercom/spi/spi.o
_sercom_get_sync_baud_val                         src/ASF/sam0/drivers/sercom/sercom.o
                                                  src/ASF/sam0/drivers/sercom/spi/spi.o
_sercom_instances                                 src/ASF/sam0/drivers/sercom/sercom_interrupt.o
                                                  src/ASF/sam0/drivers/sercom/spi/spi_interrupt.o
                                                  src/ASF/sam0/drivers/sercom/spi/spi.o
_sercom_set_handler                               src/ASF/sam0/drivers/sercom/sercom_interrupt.o
                                                  src/ASF/sam0/drivers/sercom/spi/spi.o
_sfixed                                           src/ASF/sam0/utils/cmsis/samd10/source/gcc/startup_samd10.o
_spi_interrupt_handler                            src/ASF/sam0/drivers/sercom/spi/spi_interrupt.o
                                                  src/ASF/sam0/drivers/sercom/spi/spi.o
_srelocate                                        src/ASF/sam0/utils/cmsis/samd10/source/gcc/startup_samd10.o
_start                                            c:/program files (x86)/atmel/atmel toolchain/arm gcc/native/4.8.1437/arm-gnu-toolchain/bin/../lib/gcc/arm-none-eabi/4.8.4/../../../../arm-none-eabi/lib/armv6-m/crt0.o
_system_dummy_init                                src/ASF/sam0/drivers/system/system.o
_system_events_init                               src/ASF/sam0/drivers/system/system.o
_system_extint_init                               src/ASF/sam0/drivers/system/system.o
_szero                                            src/ASF/sam0/utils/cmsis/samd10/source/gcc/startup_samd10.o
_tcc_cc_nums                                      src/ASF/sam0/drivers/tcc/tcc.o
_tcc_exts                                         src/ASF/sam0/drivers/tcc/tcc.o
_tcc_gclk_ids                                     src/ASF/sam0/drivers/tcc/tcc.o
_tcc_get_inst_index                               src/ASF/sam0/drivers/tcc/tcc.o
                                                  src/ASF/sam0/drivers/tcc/tcc_callback.o
_tcc_instances                                    src/ASF/sam0/drivers/tcc/tcc_callback.o
                                                  src/ASF/sam0/drivers/tcc/tcc.o
_tcc_interrupt_handler                            src/ASF/sam0/drivers/tcc/tcc_callback.o
_tcc_intflag                                      src/ASF/sam0/drivers/tcc/tcc_callback.o
_tcc_maxs                                         src/ASF/sam0/drivers/tcc/tcc.o
_tcc_ow_nums                                      src/ASF/sam0/drivers/tcc/tcc.o
_tcc_pm_apbcmasks                                 src/ASF/sam0/drivers/tcc/tcc.o
_tcc_sizes                                        src/ASF/sam0/drivers/tcc/tcc.o
_vfiprintf_r                                      c:/program files (x86)/atmel/atmel toolchain/arm gcc/native/4.8.1437/arm-gnu-toolchain/bin/../lib/gcc/arm-none-eabi/4.8.4/../../../../arm-none-eabi/lib/armv6-m\libc_s.a(lib_a-vfprintf.o)
_vfprintf_r                                       c:/program files (x86)/atmel/atmel toolchain/arm gcc/native/4.8.1437/arm-gnu-toolchain/bin/../lib/gcc/arm-none-eabi/4.8.4/../../../../arm-none-eabi/lib/armv6-m\libc_s.a(lib_a-vfprintf.o)
                                                  c:/program files (x86)/atmel/atmel toolchain/arm gcc/native/4.8.1437/arm-gnu-toolchain/bin/../lib/gcc/arm-none-eabi/4.8.4/../../../../arm-none-eabi/lib/armv6-m\libc_s.a(lib_a-printf.o)
_write                                            c:/program files (x86)/atmel/atmel toolchain/arm gcc/native/4.8.1437/arm-gnu-toolchain/bin/../lib/gcc/arm-none-eabi/4.8.4/../../../../arm-none-eabi/lib/armv6-m\libc_s.a(lib_a-writer.o)
_write_r                                          c:/program files (x86)/atmel/atmel toolchain/arm gcc/native/4.8.1437/arm-gnu-toolchain/bin/../lib/gcc/arm-none-eabi/4.8.4/../../../../arm-none-eabi/lib/armv6-m\libc_s.a(lib_a-writer.o)
                                                  c:/program files (x86)/atmel/atmel toolchain/arm gcc/native/4.8.1437/arm-gnu-toolchain/bin/../lib/gcc/arm-none-eabi/4.8.4/../../../../arm-none-eabi/lib/armv6-m\libc_s.a(lib_a-stdio.o)
atexit                                            c:/program files (x86)/atmel/atmel toolchain/arm gcc/native/4.8.1437/arm-gnu-toolchain/bin/../lib/gcc/arm-none-eabi/4.8.4/../../../../arm-none-eabi/lib/armv6-m/crt0.o
bastian_complete_sercom_setup                     src/Peripherals/bastian_sercom.o
                                                  src/main.o
cleanup_glue                                      c:/program files (x86)/atmel/atmel toolchain/arm gcc/native/4.8.1437/arm-gnu-toolchain/bin/../lib/gcc/arm-none-eabi/4.8.4/../../../../arm-none-eabi/lib/armv6-m\libc_s.a(lib_a-reent.o)
cpu_irq_enter_critical                            src/ASF/common/utils/interrupt/interrupt_sam_nvic.o
                                                  src/ASF/sam0/drivers/system/clock/clock_samd10_d11/gclk.o
cpu_irq_leave_critical                            src/ASF/common/utils/interrupt/interrupt_sam_nvic.o
                                                  src/ASF/sam0/drivers/system/clock/clock_samd10_d11/gclk.o
dummy_write                                       src/ASF/sam0/drivers/sercom/spi/spi_interrupt.o
errno                                             c:/program files (x86)/atmel/atmel toolchain/arm gcc/native/4.8.1437/arm-gnu-toolchain/bin/../lib/gcc/arm-none-eabi/4.8.4/../../../../arm-none-eabi/lib/armv6-m\libc_s.a(lib_a-reent.o)